Component: ARM Compiler 5.05 update 1 (build 106) Tool: armlink [4d0efa]

==============================================================================

Section Cross References

    startup_stm32f103xb.o(RESET) refers to startup_stm32f103xb.o(STACK) for __initial_sp
    startup_stm32f103xb.o(RESET) refers to startup_stm32f103xb.o(.text) for Reset_Handler
    startup_stm32f103xb.o(RESET) refers to stm32f1xx_it.o(i.NMI_Handler) for NMI_Handler
    startup_stm32f103xb.o(RESET) refers to stm32f1xx_it.o(i.HardFault_Handler) for HardFault_Handler
    startup_stm32f103xb.o(RESET) refers to stm32f1xx_it.o(i.MemManage_Handler) for MemManage_Handler
    startup_stm32f103xb.o(RESET) refers to stm32f1xx_it.o(i.BusFault_Handler) for BusFault_Handler
    startup_stm32f103xb.o(RESET) refers to stm32f1xx_it.o(i.UsageFault_Handler) for UsageFault_Handler
    startup_stm32f103xb.o(RESET) refers to stm32f1xx_it.o(i.SVC_Handler) for SVC_Handler
    startup_stm32f103xb.o(RESET) refers to stm32f1xx_it.o(i.DebugMon_Handler) for DebugMon_Handler
    startup_stm32f103xb.o(RESET) refers to stm32f1xx_it.o(i.PendSV_Handler) for PendSV_Handler
    startup_stm32f103xb.o(RESET) refers to stm32f1xx_it.o(i.SysTick_Handler) for SysTick_Handler
    startup_stm32f103xb.o(RESET) refers to stm32f1xx_it.o(i.EXTI4_IRQHandler) for EXTI4_IRQHandler
    startup_stm32f103xb.o(RESET) refers to stm32f1xx_it.o(i.EXTI9_5_IRQHandler) for EXTI9_5_IRQHandler
    startup_stm32f103xb.o(.text) refers to system_stm32f1xx.o(i.SystemInit) for SystemInit
    startup_stm32f103xb.o(.text) refers to entry.o(.ARM.Collect$$$$00000000) for __main
    myiic.o(i.IIC_Ack) refers to myiic.o(i.delay_us) for delay_us
    myiic.o(i.IIC_Init) refers to stm32f1xx_hal_gpio.o(i.HAL_GPIO_Init) for HAL_GPIO_Init
    myiic.o(i.IIC_NAck) refers to myiic.o(i.delay_us) for delay_us
    myiic.o(i.IIC_Read_Byte) refers to myiic.o(i.delay_us) for delay_us
    myiic.o(i.IIC_Read_Byte) refers to myiic.o(i.IIC_Ack) for IIC_Ack
    myiic.o(i.IIC_Read_Byte) refers to myiic.o(i.IIC_NAck) for IIC_NAck
    myiic.o(i.IIC_Send_Byte) refers to myiic.o(i.delay_us) for delay_us
    myiic.o(i.IIC_Start) refers to myiic.o(i.delay_us) for delay_us
    myiic.o(i.IIC_Stop) refers to myiic.o(i.delay_us) for delay_us
    myiic.o(i.IIC_Wait_Ack) refers to myiic.o(i.delay_us) for delay_us
    myiic.o(i.IIC_Wait_Ack) refers to myiic.o(i.IIC_Stop) for IIC_Stop
    myiic.o(i.delay_us) refers to stm32f1xx_hal_rcc.o(i.HAL_RCC_GetHCLKFreq) for HAL_RCC_GetHCLKFreq
    lcd.o(i.LCD_Clear) refers to lcd.o(i.LCD_SetWindows) for LCD_SetWindows
    lcd.o(i.LCD_Clear) refers to lcd.o(i.LCD_WR_DATA_16Bit) for LCD_WR_DATA_16Bit
    lcd.o(i.LCD_Clear) refers to lcd.o(.bss) for .bss
    lcd.o(i.LCD_DrawPoint) refers to lcd.o(i.LCD_SetCursor) for LCD_SetCursor
    lcd.o(i.LCD_DrawPoint) refers to lcd.o(i.LCD_WR_DATA_16Bit) for LCD_WR_DATA_16Bit
    lcd.o(i.LCD_DrawPoint) refers to lcd.o(.data) for .data
    lcd.o(i.LCD_GPIOInit) refers to stm32f1xx_hal_gpio.o(i.HAL_GPIO_Init) for HAL_GPIO_Init
    lcd.o(i.LCD_Init) refers to lcd.o(i.LCD_GPIOInit) for LCD_GPIOInit
    lcd.o(i.LCD_Init) refers to lcd.o(i.LCD_RESET) for LCD_RESET
    lcd.o(i.LCD_Init) refers to lcd.o(i.LCD_WR_REG) for LCD_WR_REG
    lcd.o(i.LCD_Init) refers to stm32f1xx_hal.o(i.HAL_Delay) for HAL_Delay
    lcd.o(i.LCD_Init) refers to lcd.o(i.LCD_WR_DATA) for LCD_WR_DATA
    lcd.o(i.LCD_Init) refers to lcd.o(i.LCD_SetParam) for LCD_SetParam
    lcd.o(i.LCD_RESET) refers to stm32f1xx_hal.o(i.HAL_Delay) for HAL_Delay
    lcd.o(i.LCD_SetCursor) refers to lcd.o(i.LCD_SetWindows) for LCD_SetWindows
    lcd.o(i.LCD_SetParam) refers to lcd.o(i.LCD_WriteReg) for LCD_WriteReg
    lcd.o(i.LCD_SetParam) refers to lcd.o(.bss) for .bss
    lcd.o(i.LCD_SetWindows) refers to lcd.o(i.LCD_WR_REG) for LCD_WR_REG
    lcd.o(i.LCD_SetWindows) refers to lcd.o(i.LCD_WR_DATA) for LCD_WR_DATA
    lcd.o(i.LCD_SetWindows) refers to lcd.o(i.LCD_WriteRAM_Prepare) for LCD_WriteRAM_Prepare
    lcd.o(i.LCD_SetWindows) refers to lcd.o(.bss) for .bss
    lcd.o(i.LCD_WR_DATA) refers to lcd.o(i.SPIv_WriteData) for SPIv_WriteData
    lcd.o(i.LCD_WR_DATA_16Bit) refers to lcd.o(i.SPIv_WriteData) for SPIv_WriteData
    lcd.o(i.LCD_WR_REG) refers to lcd.o(i.SPIv_WriteData) for SPIv_WriteData
    lcd.o(i.LCD_WriteRAM_Prepare) refers to lcd.o(i.LCD_WR_REG) for LCD_WR_REG
    lcd.o(i.LCD_WriteRAM_Prepare) refers to lcd.o(.bss) for .bss
    lcd.o(i.LCD_WriteReg) refers to lcd.o(i.LCD_WR_REG) for LCD_WR_REG
    lcd.o(i.LCD_WriteReg) refers to lcd.o(i.LCD_WR_DATA) for LCD_WR_DATA
    gui.o(i.GUI_DrawFont16) refers to lcd.o(i.LCD_SetWindows) for LCD_SetWindows
    gui.o(i.GUI_DrawFont16) refers to lcd.o(i.LCD_DrawPoint) for LCD_DrawPoint
    gui.o(i.GUI_DrawFont16) refers to lcd.o(i.LCD_WR_DATA_16Bit) for LCD_WR_DATA_16Bit
    gui.o(i.GUI_DrawFont16) refers to gui.o(.constdata) for .constdata
[...]
    Removing stm32f1xx_hal_cortex.o(i.HAL_SYSTICK_CLKSourceConfig), (24 bytes).
    Removing stm32f1xx_hal_cortex.o(i.HAL_SYSTICK_Callback), (2 bytes).
    Removing stm32f1xx_hal_cortex.o(i.HAL_SYSTICK_IRQHandler), (8 bytes).
    Removing stm32f1xx_hal_pwr.o(.rev16_text), (4 bytes).
    Removing stm32f1xx_hal_pwr.o(.revsh_text), (4 bytes).
    Removing stm32f1xx_hal_pwr.o(.rrx_text), (6 bytes).
    Removing stm32f1xx_hal_pwr.o(i.HAL_PWR_ConfigPVD), (124 bytes).
    Removing stm32f1xx_hal_pwr.o(i.HAL_PWR_DeInit), (24 bytes).
    Removing stm32f1xx_hal_pwr.o(i.HAL_PWR_DisableBkUpAccess), (12 bytes).
    Removing stm32f1xx_hal_pwr.o(i.HAL_PWR_DisablePVD), (12 bytes).
    Removing stm32f1xx_hal_pwr.o(i.HAL_PWR_DisableSEVOnPend), (16 bytes).
    Removing stm32f1xx_hal_pwr.o(i.HAL_PWR_DisableSleepOnExit), (16 bytes).
    Removing stm32f1xx_hal_pwr.o(i.HAL_PWR_DisableWakeUpPin), (28 bytes).
    Removing stm32f1xx_hal_pwr.o(i.HAL_PWR_EnableBkUpAccess), (12 bytes).
    Removing stm32f1xx_hal_pwr.o(i.HAL_PWR_EnablePVD), (12 bytes).
    Removing stm32f1xx_hal_pwr.o(i.HAL_PWR_EnableSEVOnPend), (16 bytes).
    Removing stm32f1xx_hal_pwr.o(i.HAL_PWR_EnableSleepOnExit), (16 bytes).
    Removing stm32f1xx_hal_pwr.o(i.HAL_PWR_EnableWakeUpPin), (28 bytes).
    Removing stm32f1xx_hal_pwr.o(i.HAL_PWR_EnterSLEEPMode), (32 bytes).
    Removing stm32f1xx_hal_pwr.o(i.HAL_PWR_EnterSTANDBYMode), (32 bytes).
    Removing stm32f1xx_hal_pwr.o(i.HAL_PWR_EnterSTOPMode), (68 bytes).
    Removing stm32f1xx_hal_pwr.o(i.HAL_PWR_PVDCallback), (2 bytes).
    Removing stm32f1xx_hal_pwr.o(i.HAL_PWR_PVD_IRQHandler), (28 bytes).
    Removing stm32f1xx_hal_pwr.o(i.PWR_OverloadWfe), (6 bytes).
    Removing stm32f1xx_hal_flash.o(.rev16_text), (4 bytes).
    Removing stm32f1xx_hal_flash.o(.revsh_text), (4 bytes).
    Removing stm32f1xx_hal_flash.o(.rrx_text), (6 bytes).
    Removing stm32f1xx_hal_flash.o(i.FLASH_Program_HalfWord), (28 bytes).
    Removing stm32f1xx_hal_flash.o(i.FLASH_SetErrorCode), (92 bytes).
    Removing stm32f1xx_hal_flash.o(i.FLASH_WaitForLastOperation), (84 bytes).
    Removing stm32f1xx_hal_flash.o(i.HAL_FLASH_EndOfOperationCallback), (2 bytes).
    Removing stm32f1xx_hal_flash.o(i.HAL_FLASH_GetError), (12 bytes).
    Removing stm32f1xx_hal_flash.o(i.HAL_FLASH_IRQHandler), (260 bytes).
    Removing stm32f1xx_hal_flash.o(i.HAL_FLASH_Lock), (20 bytes).
    Removing stm32f1xx_hal_flash.o(i.HAL_FLASH_OB_Launch), (4 bytes).
    Removing stm32f1xx_hal_flash.o(i.HAL_FLASH_OB_Lock), (20 bytes).
    Removing stm32f1xx_hal_flash.o(i.HAL_FLASH_OB_Unlock), (36 bytes).
    Removing stm32f1xx_hal_flash.o(i.HAL_FLASH_OperationErrorCallback), (2 bytes).
    Removing stm32f1xx_hal_flash.o(i.HAL_FLASH_Program), (128 bytes).
    Removing stm32f1xx_hal_flash.o(i.HAL_FLASH_Program_IT), (100 bytes).
    Removing stm32f1xx_hal_flash.o(i.HAL_FLASH_Unlock), (40 bytes).
    Removing stm32f1xx_hal_flash.o(.bss), (32 bytes).
    Removing stm32f1xx_hal_flash_ex.o(.rev16_text), (4 bytes).
    Removing stm32f1xx_hal_flash_ex.o(.revsh_text), (4 bytes).
    Removing stm32f1xx_hal_flash_ex.o(.rrx_text), (6 bytes).
    Removing stm32f1xx_hal_flash_ex.o(i.FLASH_MassErase), (36 bytes).
    Removing stm32f1xx_hal_flash_ex.o(i.FLASH_OB_DisableWRP), (176 bytes).
    Removing stm32f1xx_hal_flash_ex.o(i.FLASH_OB_EnableWRP), (176 bytes).
    Removing stm32f1xx_hal_flash_ex.o(i.FLASH_OB_GetRDP), (24 bytes).
    Removing stm32f1xx_hal_flash_ex.o(i.FLASH_OB_RDP_LevelConfig), (100 bytes).
    Removing stm32f1xx_hal_flash_ex.o(i.FLASH_PageErase), (36 bytes).
    Removing stm32f1xx_hal_flash_ex.o(i.HAL_FLASHEx_Erase), (168 bytes).
    Removing stm32f1xx_hal_flash_ex.o(i.HAL_FLASHEx_Erase_IT), (84 bytes).
    Removing stm32f1xx_hal_flash_ex.o(i.HAL_FLASHEx_OBErase), (84 bytes).
    Removing stm32f1xx_hal_flash_ex.o(i.HAL_FLASHEx_OBGetConfig), (36 bytes).
    Removing stm32f1xx_hal_flash_ex.o(i.HAL_FLASHEx_OBGetUserData), (32 bytes).
    Removing stm32f1xx_hal_flash_ex.o(i.HAL_FLASHEx_OBProgram), (200 bytes).
    Removing stm32f1xx_hal_exti.o(.rev16_text), (4 bytes).
    Removing stm32f1xx_hal_exti.o(.revsh_text), (4 bytes).
    Removing stm32f1xx_hal_exti.o(.rrx_text), (6 bytes).
    Removing stm32f1xx_hal_exti.o(i.HAL_EXTI_ClearConfigLine), (104 bytes).
    Removing stm32f1xx_hal_exti.o(i.HAL_EXTI_ClearPending), (20 bytes).
    Removing stm32f1xx_hal_exti.o(i.HAL_EXTI_GenerateSWI), (20 bytes).
    Removing stm32f1xx_hal_exti.o(i.HAL_EXTI_GetConfigLine), (152 bytes).
    Removing stm32f1xx_hal_exti.o(i.HAL_EXTI_GetHandle), (12 bytes).
    Removing stm32f1xx_hal_exti.o(i.HAL_EXTI_GetPending), (24 bytes).
    Removing stm32f1xx_hal_exti.o(i.HAL_EXTI_IRQHandler), (36 bytes).
    Removing stm32f1xx_hal_exti.o(i.HAL_EXTI_RegisterCallback), (14 bytes).
    Removing stm32f1xx_hal_exti.o(i.HAL_EXTI_SetConfigLine), (164 bytes).
    Removing stm32f1xx_hal_tim.o(.rev16_text), (4 bytes).
    Removing stm32f1xx_hal_tim.o(.revsh_text), (4 bytes).
    Removing stm32f1xx_hal_tim.o(.rrx_text), (6 bytes).
    Removing stm32f1xx_hal_tim.o(i.HAL_TIM_Base_DeInit), (56 bytes).
    Removing stm32f1xx_hal_tim.o(i.HAL_TIM_Base_GetState), (6 bytes).
    Removing stm32f1xx_hal_tim.o(i.HAL_TIM_Base_MspDeInit), (2 bytes).
    Removing stm32f1xx_hal_tim.o(i.HAL_TIM_Base_MspInit), (2 bytes).
    Removing stm32f1xx_hal_tim.o(i.HAL_TIM_Base_Start_DMA), (116 bytes).
    Removing stm32f1xx_hal_tim.o(i.HAL_TIM_Base_Start_IT), (34 bytes).
    Removing stm32f1xx_hal_tim.o(i.HAL_TIM_Base_Stop), (44 bytes).
    Removing stm32f1xx_hal_tim.o(i.HAL_TIM_Base_Stop_DMA), (58 bytes).
    Removing stm32f1xx_hal_tim.o(i.HAL_TIM_Base_Stop_IT), (42 bytes).
    Removing stm32f1xx_hal_tim.o(i.HAL_TIM_ConfigOCrefClear), (210 bytes).
    Removing stm32f1xx_hal_tim.o(i.HAL_TIM_ConfigTI1Input), (16 bytes).
    Removing stm32f1xx_hal_tim.o(i.HAL_TIM_DMABurst_ReadStart), (336 bytes).
    Removing stm32f1xx_hal_tim.o(i.HAL_TIM_DMABurst_ReadStop), (100 bytes).
    Removing stm32f1xx_hal_tim.o(i.HAL_TIM_DMABurst_WriteStart), (336 bytes).
    Removing stm32f1xx_hal_tim.o(i.HAL_TIM_DMABurst_WriteStop), (100 bytes).
    Removing stm32f1xx_hal_tim.o(i.HAL_TIM_Encoder_DeInit), (56 bytes).
    Removing stm32f1xx_hal_tim.o(i.HAL_TIM_Encoder_GetState), (6 bytes).
    Removing stm32f1xx_hal_tim.o(i.HAL_TIM_Encoder_Init), (152 bytes).
    Removing stm32f1xx_hal_tim.o(i.HAL_TIM_Encoder_MspDeInit), (2 bytes).
    Removing stm32f1xx_hal_tim.o(i.HAL_TIM_Encoder_MspInit), (2 bytes).
    Removing stm32f1xx_hal_tim.o(i.HAL_TIM_Encoder_Start), (52 bytes).
    Removing stm32f1xx_hal_tim.o(i.HAL_TIM_Encoder_Start_DMA), (312 bytes).
    Removing stm32f1xx_hal_tim.o(i.HAL_TIM_Encoder_Start_IT), (92 bytes).
    Removing stm32f1xx_hal_tim.o(i.HAL_TIM_Encoder_Stop), (70 bytes).
    Removing stm32f1xx_hal_tim.o(i.HAL_TIM_Encoder_Stop_DMA), (144 bytes).
    Removing stm32f1xx_hal_tim.o(i.HAL_TIM_Encoder_Stop_IT), (116 bytes).
    Removing stm32f1xx_hal_tim.o(i.HAL_TIM_ErrorCallback), (2 bytes).
    Removing stm32f1xx_hal_tim.o(i.HAL_TIM_GenerateEvent), (38 bytes).
    Removing stm32f1xx_hal_tim.o(i.HAL_TIM_IC_CaptureCallback), (2 bytes).
    Removing stm32f1xx_hal_tim.o(i.HAL_TIM_IC_CaptureHalfCpltCallback), (2 bytes).
    Removing stm32f1xx_hal_tim.o(i.HAL_TIM_IC_ConfigChannel), (282 bytes).
    Removing stm32f1xx_hal_tim.o(i.HAL_TIM_IC_DeInit), (56 bytes).
    Removing stm32f1xx_hal_tim.o(i.HAL_TIM_IC_GetState), (6 bytes).
    Removing stm32f1xx_hal_tim.o(i.HAL_TIM_IC_Init), (54 bytes).
    Removing stm32f1xx_hal_tim.o(i.HAL_TIM_IC_MspDeInit), (2 bytes).
    Removing stm32f1xx_hal_tim.o(i.HAL_TIM_IC_MspInit), (2 bytes).
    Removing stm32f1xx_hal_tim.o(i.HAL_TIM_IC_Start), (36 bytes).
    Removing stm32f1xx_hal_tim.o(i.HAL_TIM_IC_Start_DMA), (248 bytes).
    Removing stm32f1xx_hal_tim.o(i.HAL_TIM_IC_Start_IT), (86 bytes).
    Removing stm32f1xx_hal_tim.o(i.HAL_TIM_IC_Stop), (44 bytes).
    Removing stm32f1xx_hal_tim.o(i.HAL_TIM_IC_Stop_DMA), (122 bytes).
    Removing stm32f1xx_hal_tim.o(i.HAL_TIM_IC_Stop_IT), (94 bytes).
    Removing stm32f1xx_hal_tim.o(i.HAL_TIM_IRQHandler), (358 bytes).
    Removing stm32f1xx_hal_tim.o(i.HAL_TIM_OC_ConfigChannel), (86 bytes).
    Removing stm32f1xx_hal_tim.o(i.HAL_TIM_OC_DeInit), (56 bytes).
    Removing stm32f1xx_hal_tim.o(i.HAL_TIM_OC_DelayElapsedCallback), (2 bytes).
    Removing stm32f1xx_hal_tim.o(i.HAL_TIM_OC_GetState), (6 bytes).
    Removing stm32f1xx_hal_tim.o(i.HAL_TIM_OC_Init), (54 bytes).
    Removing stm32f1xx_hal_tim.o(i.HAL_TIM_OC_MspDeInit), (2 bytes).
    Removing stm32f1xx_hal_tim.o(i.HAL_TIM_OC_MspInit), (2 bytes).
    Removing stm32f1xx_hal_tim.o(i.HAL_TIM_OC_Start), (56 bytes).
    Removing stm32f1xx_hal_tim.o(i.HAL_TIM_OC_Start_DMA), (280 bytes).
    Removing stm32f1xx_hal_tim.o(i.HAL_TIM_OC_Start_IT), (108 bytes).
    Removing stm32f1xx_hal_tim.o(i.HAL_TIM_OC_Stop), (76 bytes).
    Removing stm32f1xx_hal_tim.o(i.HAL_TIM_OC_Stop_DMA), (156 bytes).
    Removing stm32f1xx_hal_tim.o(i.HAL_TIM_OC_Stop_IT), (128 bytes).
    Removing stm32f1xx_hal_tim.o(i.HAL_TIM_OnePulse_ConfigChannel), (218 bytes).
    Removing stm32f1xx_hal_tim.o(i.HAL_TIM_OnePulse_DeInit), (56 bytes).
    Removing stm32f1xx_hal_tim.o(i.HAL_TIM_OnePulse_GetState), (6 bytes).
    Removing stm32f1xx_hal_tim.o(i.HAL_TIM_OnePulse_Init), (74 bytes).
    Removing stm32f1xx_hal_tim.o(i.HAL_TIM_OnePulse_MspDeInit), (2 bytes).
    Removing stm32f1xx_hal_tim.o(i.HAL_TIM_OnePulse_MspInit), (2 bytes).
    Removing stm32f1xx_hal_tim.o(i.HAL_TIM_OnePulse_Start), (48 bytes).
    Removing stm32f1xx_hal_tim.o(i.HAL_TIM_OnePulse_Start_IT), (68 bytes).
    Removing stm32f1xx_hal_tim.o(i.HAL_TIM_OnePulse_Stop), (88 bytes).
    Removing stm32f1xx_hal_tim.o(i.HAL_TIM_OnePulse_Stop_IT), (108 bytes).
    Removing stm32f1xx_hal_tim.o(i.HAL_TIM_PWM_ConfigChannel), (208 bytes).
    Removing stm32f1xx_hal_tim.o(i.HAL_TIM_PWM_DeInit), (56 bytes).
    Removing stm32f1xx_hal_tim.o(i.HAL_TIM_PWM_GetState), (6 bytes).
    Removing stm32f1xx_hal_tim.o(i.HAL_TIM_PWM_Init), (54 bytes).
    Removing stm32f1xx_hal_tim.o(i.HAL_TIM_PWM_MspDeInit), (2 bytes).
    Removing stm32f1xx_hal_tim.o(i.HAL_TIM_PWM_MspInit), (2 bytes).
    Removing stm32f1xx_hal_tim.o(i.HAL_TIM_PWM_PulseFinishedCallback), (2 bytes).
    Removing stm32f1xx_hal_tim.o(i.HAL_TIM_PWM_PulseFinishedHalfCpltCallback), (2 bytes).
    Removing stm32f1xx_hal_tim.o(i.HAL_TIM_PWM_Start), (56 bytes).
    Removing stm32f1xx_hal_tim.o(i.HAL_TIM_PWM_Start_DMA), (280 bytes).
    Removing stm32f1xx_hal_tim.o(i.HAL_TIM_PWM_Start_IT), (108 bytes).
    Removing stm32f1xx_hal_tim.o(i.HAL_TIM_PWM_Stop), (84 bytes).
    Removing stm32f1xx_hal_tim.o(i.HAL_TIM_PWM_Stop_DMA), (156 bytes).
    Removing stm32f1xx_hal_tim.o(i.HAL_TIM_PWM_Stop_IT), (128 bytes).
    Removing stm32f1xx_hal_tim.o(i.HAL_TIM_PeriodElapsedCallback), (2 bytes).
    Removing stm32f1xx_hal_tim.o(i.HAL_TIM_PeriodElapsedHalfCpltCallback), (2 bytes).
    Removing stm32f1xx_hal_tim.o(i.HAL_TIM_ReadCapturedValue), (42 bytes).
    Removing stm32f1xx_hal_tim.o(i.HAL_TIM_SlaveConfigSynchro), (86 bytes).
    Removing stm32f1xx_hal_tim.o(i.HAL_TIM_SlaveConfigSynchro_IT), (86 bytes).
    Removing stm32f1xx_hal_tim.o(i.HAL_TIM_TriggerCallback), (2 bytes).
    Removing stm32f1xx_hal_tim.o(i.HAL_TIM_TriggerHalfCpltCallback), (2 bytes).
    Removing stm32f1xx_hal_tim.o(i.TIM_CCxChannelCmd), (26 bytes).
    Removing stm32f1xx_hal_tim.o(i.TIM_DMACaptureCplt), (62 bytes).
    Removing stm32f1xx_hal_tim.o(i.TIM_DMACaptureHalfCplt), (62 bytes).
    Removing stm32f1xx_hal_tim.o(i.TIM_DMADelayPulseCplt), (62 bytes).
    Removing stm32f1xx_hal_tim.o(i.TIM_DMADelayPulseHalfCplt), (62 bytes).
    Removing stm32f1xx_hal_tim.o(i.TIM_DMAError), (16 bytes).
    Removing stm32f1xx_hal_tim.o(i.TIM_DMAPeriodElapsedCplt), (16 bytes).
    Removing stm32f1xx_hal_tim.o(i.TIM_DMAPeriodElapsedHalfCplt), (16 bytes).
    Removing stm32f1xx_hal_tim.o(i.TIM_DMATriggerCplt), (16 bytes).
    Removing stm32f1xx_hal_tim.o(i.TIM_DMATriggerHalfCplt), (16 bytes).
    Removing stm32f1xx_hal_tim.o(i.TIM_OC1_SetConfig), (80 bytes).
    Removing stm32f1xx_hal_tim.o(i.TIM_OC2_SetConfig), (88 bytes).
    Removing stm32f1xx_hal_tim.o(i.TIM_OC3_SetConfig), (88 bytes).
    Removing stm32f1xx_hal_tim.o(i.TIM_OC4_SetConfig), (68 bytes).
    Removing stm32f1xx_hal_tim.o(i.TIM_SlaveTimer_SetConfig), (134 bytes).
    Removing stm32f1xx_hal_tim.o(i.TIM_TI1_SetConfig), (88 bytes).
    Removing stm32f1xx_hal_tim.o(i.TIM_TI2_SetConfig), (54 bytes).
    Removing stm32f1xx_hal_tim_ex.o(.rev16_text), (4 bytes).
    Removing stm32f1xx_hal_tim_ex.o(.revsh_text), (4 bytes).
    Removing stm32f1xx_hal_tim_ex.o(.rrx_text), (6 bytes).
    Removing stm32f1xx_hal_tim_ex.o(i.HAL_TIMEx_BreakCallback), (2 bytes).
    Removing stm32f1xx_hal_tim_ex.o(i.HAL_TIMEx_CommutCallback), (2 bytes).
    Removing stm32f1xx_hal_tim_ex.o(i.HAL_TIMEx_CommutHalfCpltCallback), (2 bytes).
    Removing stm32f1xx_hal_tim_ex.o(i.HAL_TIMEx_ConfigBreakDeadTime), (84 bytes).
    Removing stm32f1xx_hal_tim_ex.o(i.HAL_TIMEx_ConfigCommutEvent), (112 bytes).
    Removing stm32f1xx_hal_tim_ex.o(i.HAL_TIMEx_ConfigCommutEvent_DMA), (144 bytes).
    Removing stm32f1xx_hal_tim_ex.o(i.HAL_TIMEx_ConfigCommutEvent_IT), (112 bytes).
    Removing stm32f1xx_hal_tim_ex.o(i.HAL_TIMEx_HallSensor_DeInit), (56 bytes).
    Removing stm32f1xx_hal_tim_ex.o(i.HAL_TIMEx_HallSensor_GetState), (6 bytes).
    Removing stm32f1xx_hal_tim_ex.o(i.HAL_TIMEx_HallSensor_Init), (188 bytes).
    Removing stm32f1xx_hal_tim_ex.o(i.HAL_TIMEx_HallSensor_MspDeInit), (2 bytes).
    Removing stm32f1xx_hal_tim_ex.o(i.HAL_TIMEx_HallSensor_MspInit), (2 bytes).
    Removing stm32f1xx_hal_tim_ex.o(i.HAL_TIMEx_HallSensor_Start), (38 bytes).
    Removing stm32f1xx_hal_tim_ex.o(i.HAL_TIMEx_HallSensor_Start_DMA), (128 bytes).
    Removing stm32f1xx_hal_tim_ex.o(i.HAL_TIMEx_HallSensor_Start_IT), (48 bytes).
    Removing stm32f1xx_hal_tim_ex.o(i.HAL_TIMEx_HallSensor_Stop), (46 bytes).
    Removing stm32f1xx_hal_tim_ex.o(i.HAL_TIMEx_HallSensor_Stop_DMA), (62 bytes).
    Removing stm32f1xx_hal_tim_ex.o(i.HAL_TIMEx_HallSensor_Stop_IT), (56 bytes).
    Removing stm32f1xx_hal_tim_ex.o(i.HAL_TIMEx_OCN_Start), (46 bytes).
    Removing stm32f1xx_hal_tim_ex.o(i.HAL_TIMEx_OCN_Start_DMA), (228 bytes).
    Removing stm32f1xx_hal_tim_ex.o(i.HAL_TIMEx_OCN_Start_IT), (94 bytes).
    Removing stm32f1xx_hal_tim_ex.o(i.HAL_TIMEx_OCN_Stop), (68 bytes).
    Removing stm32f1xx_hal_tim_ex.o(i.HAL_TIMEx_OCN_Stop_DMA), (130 bytes).
    Removing stm32f1xx_hal_tim_ex.o(i.HAL_TIMEx_OCN_Stop_IT), (122 bytes).
    Removing stm32f1xx_hal_tim_ex.o(i.HAL_TIMEx_OnePulseN_Start), (26 bytes).
    Removing stm32f1xx_hal_tim_ex.o(i.HAL_TIMEx_OnePulseN_Start_IT), (46 bytes).
    Removing stm32f1xx_hal_tim_ex.o(i.HAL_TIMEx_OnePulseN_Stop), (68 bytes).
    Removing stm32f1xx_hal_tim_ex.o(i.HAL_TIMEx_OnePulseN_Stop_IT), (88 bytes).
    Removing stm32f1xx_hal_tim_ex.o(i.HAL_TIMEx_PWMN_Start), (46 bytes).
    Removing stm32f1xx_hal_tim_ex.o(i.HAL_TIMEx_PWMN_Start_DMA), (228 bytes).
    Removing stm32f1xx_hal_tim_ex.o(i.HAL_TIMEx_PWMN_Start_IT), (94 bytes).
    Removing stm32f1xx_hal_tim_ex.o(i.HAL_TIMEx_PWMN_Stop), (68 bytes).
    Removing stm32f1xx_hal_tim_ex.o(i.HAL_TIMEx_PWMN_Stop_DMA), (130 bytes).
    Removing stm32f1xx_hal_tim_ex.o(i.HAL_TIMEx_PWMN_Stop_IT), (122 bytes).
    Removing stm32f1xx_hal_tim_ex.o(i.HAL_TIMEx_RemapConfig), (4 bytes).
    Removing stm32f1xx_hal_tim_ex.o(i.TIMEx_DMACommutationCplt), (16 bytes).
    Removing stm32f1xx_hal_tim_ex.o(i.TIMEx_DMACommutationHalfCplt), (16 bytes).
    Removing stm32f1xx_hal_tim_ex.o(i.TIM_CCxNChannelCmd), (26 bytes).
    Removing stm32f1xx_hal_uart.o(.rev16_text), (4 bytes).
    Removing stm32f1xx_hal_uart.o(.revsh_text), (4 bytes).
    Removing stm32f1xx_hal_uart.o(.rrx_text), (6 bytes).
    Removing stm32f1xx_hal_uart.o(i.HAL_HalfDuplex_EnableReceiver), (50 bytes).
    Removing stm32f1xx_hal_uart.o(i.HAL_HalfDuplex_EnableTransmitter), (50 bytes).
    Removing stm32f1xx_hal_uart.o(i.HAL_HalfDuplex_Init), (108 bytes).
    Removing stm32f1xx_hal_uart.o(i.HAL_LIN_Init), (128 bytes).
    Removing stm32f1xx_hal_uart.o(i.HAL_LIN_SendBreak), (46 bytes).
    Removing stm32f1xx_hal_uart.o(i.HAL_MultiProcessor_EnterMuteMode), (46 bytes).
    Removing stm32f1xx_hal_uart.o(i.HAL_MultiProcessor_ExitMuteMode), (46 bytes).
    Removing stm32f1xx_hal_uart.o(i.HAL_MultiProcessor_Init), (142 bytes).
    Removing stm32f1xx_hal_uart.o(i.HAL_UART_Abort), (138 bytes).
    Removing stm32f1xx_hal_uart.o(i.HAL_UART_AbortCpltCallback), (2 bytes).
    Removing stm32f1xx_hal_uart.o(i.HAL_UART_AbortReceive), (88 bytes).
    Removing stm32f1xx_hal_uart.o(i.HAL_UART_AbortReceiveCpltCallback), (2 bytes).
    Removing stm32f1xx_hal_uart.o(i.HAL_UART_AbortReceive_IT), (92 bytes).
    Removing stm32f1xx_hal_uart.o(i.HAL_UART_AbortTransmit), (78 bytes).
    Removing stm32f1xx_hal_uart.o(i.HAL_UART_AbortTransmitCpltCallback), (2 bytes).
    Removing stm32f1xx_hal_uart.o(i.HAL_UART_AbortTransmit_IT), (84 bytes).
    Removing stm32f1xx_hal_uart.o(i.HAL_UART_Abort_IT), (172 bytes).
    Removing stm32f1xx_hal_uart.o(i.HAL_UART_DMAPause), (102 bytes).
    Removing stm32f1xx_hal_uart.o(i.HAL_UART_DMAResume), (94 bytes).
    Removing stm32f1xx_hal_uart.o(i.HAL_UART_DMAStop), (88 bytes).
    Removing stm32f1xx_hal_uart.o(i.HAL_UART_DeInit), (50 bytes).
    Removing stm32f1xx_hal_uart.o(i.HAL_UART_ErrorCallback), (2 bytes).
    Removing stm32f1xx_hal_uart.o(i.HAL_UART_GetError), (4 bytes).
    Removing stm32f1xx_hal_uart.o(i.HAL_UART_GetState), (10 bytes).
    Removing stm32f1xx_hal_uart.o(i.HAL_UART_IRQHandler), (272 bytes).
    Removing stm32f1xx_hal_uart.o(i.HAL_UART_MspDeInit), (2 bytes).
    Removing stm32f1xx_hal_uart.o(i.HAL_UART_MspInit), (2 bytes).
    Removing stm32f1xx_hal_uart.o(i.HAL_UART_Receive), (184 bytes).
    Removing stm32f1xx_hal_uart.o(i.HAL_UART_Receive_DMA), (152 bytes).
    Removing stm32f1xx_hal_uart.o(i.HAL_UART_Receive_IT), (82 bytes).
    Removing stm32f1xx_hal_uart.o(i.HAL_UART_RxCpltCallback), (2 bytes).
    Removing stm32f1xx_hal_uart.o(i.HAL_UART_RxHalfCpltCallback), (2 bytes).
    Removing stm32f1xx_hal_uart.o(i.HAL_UART_Transmit), (186 bytes).
    Removing stm32f1xx_hal_uart.o(i.HAL_UART_Transmit_DMA), (128 bytes).
    Removing stm32f1xx_hal_uart.o(i.HAL_UART_Transmit_IT), (62 bytes).
    Removing stm32f1xx_hal_uart.o(i.HAL_UART_TxCpltCallback), (2 bytes).
    Removing stm32f1xx_hal_uart.o(i.HAL_UART_TxHalfCpltCallback), (2 bytes).
    Removing stm32f1xx_hal_uart.o(i.UART_DMAAbortOnError), (16 bytes).
    Removing stm32f1xx_hal_uart.o(i.UART_DMAError), (74 bytes).
    Removing stm32f1xx_hal_uart.o(i.UART_DMAReceiveCplt), (60 bytes).
    Removing stm32f1xx_hal_uart.o(i.UART_DMARxAbortCallback), (42 bytes).
    Removing stm32f1xx_hal_uart.o(i.UART_DMARxHalfCplt), (10 bytes).
    Removing stm32f1xx_hal_uart.o(i.UART_DMARxOnlyAbortCallback), (20 bytes).
    Removing stm32f1xx_hal_uart.o(i.UART_DMATransmitCplt), (46 bytes).
    Removing stm32f1xx_hal_uart.o(i.UART_DMATxAbortCallback), (42 bytes).
    Removing stm32f1xx_hal_uart.o(i.UART_DMATxHalfCplt), (10 bytes).
    Removing stm32f1xx_hal_uart.o(i.UART_DMATxOnlyAbortCallback), (20 bytes).
    Removing stm32f1xx_hal_uart.o(i.UART_EndRxTransfer), (28 bytes).
    Removing stm32f1xx_hal_uart.o(i.UART_EndTxTransfer), (18 bytes).
    Removing stm32f1xx_hal_uart.o(i.UART_Receive_IT), (150 bytes).
    Removing stm32f1xx_hal_uart.o(i.UART_Transmit_IT), (98 bytes).
    Removing stm32f1xx_hal_uart.o(i.UART_WaitOnFlagUntilTimeout), (100 bytes).
    Removing system_stm32f1xx.o(.rev16_text), (4 bytes).
    Removing system_stm32f1xx.o(.revsh_text), (4 bytes).
    Removing system_stm32f1xx.o(.rrx_text), (6 bytes).
    Removing system_stm32f1xx.o(i.SystemCoreClockUpdate), (104 bytes).
    Removing fscalb.o(.text), (24 bytes).
    Removing dsqrt.o(.text), (162 bytes).
    Removing cdcmple.o(.text), (48 bytes).

457 unused section(s) (total 29552 bytes) removed from the image.

==============================================================================

Image Symbol Table

    Local Symbols

    Symbol Name                              Value     Ov Type        Size  Object(Section)

    ../Drivers/STM32F1xx_HAL_Driver/Src/stm32f1xx_hal.c 0x00000000   Number         0  stm32f1xx_hal.o ABSOLUTE
    ../Drivers/STM32F1xx_HAL_Driver/Src/stm32f1xx_hal_adc.c 0x00000000   Number         0  stm32f1xx_hal_adc.o ABSOLUTE
    ../Drivers/STM32F1xx_HAL_Driver/Src/stm32f1xx_hal_adc_ex.c 0x00000000   Number         0  stm32f1xx_hal_adc_ex.o ABSOLUTE
    ../Drivers/STM32F1xx_HAL_Driver/Src/stm32f1xx_hal_cortex.c 0x00000000   Number         0  stm32f1xx_hal_cortex.o ABSOLUTE
    ../Drivers/STM32F1xx_HAL_Driver/Src/stm32f1xx_hal_dma.c 0x00000000   Number         0  stm32f1xx_hal_dma.o ABSOLUTE
    ../Drivers/STM32F1xx_HAL_Driver/Src/stm32f1xx_hal_exti.c 0x00000000   Number         0  stm32f1xx_hal_exti.o ABSOLUTE
    ../Drivers/STM32F1xx_HAL_Driver/Src/stm32f1xx_hal_flash.c 0x00000000   Number         0  stm32f1xx_hal_flash.o ABSOLUTE
    ../Drivers/STM32F1xx_HAL_Driver/Src/stm32f1xx_hal_flash_ex.c 0x00000000   Number         0  stm32f1xx_hal_flash_ex.o ABSOLUTE
    ../Drivers/STM32F1xx_HAL_Driver/Src/stm32f1xx_hal_gpio.c 0x00000000   Number         0  stm32f1xx_hal_gpio.o ABSOLUTE
    ../Drivers/STM32F1xx_HAL_Driver/Src/stm32f1xx_hal_gpio_ex.c 0x00000000   Number         0  stm32f1xx_hal_gpio_ex.o ABSOLUTE
    ../Drivers/STM32F1xx_HAL_Driver/Src/stm32f1xx_hal_pwr.c 0x00000000   Number         0  stm32f1xx_hal_pwr.o ABSOLUTE
    ../Drivers/STM32F1xx_HAL_Driver/Src/stm32f1xx_hal_rcc.c 0x00000000   Number         0  stm32f1xx_hal_rcc.o ABSOLUTE
    ../Drivers/STM32F1xx_HAL_Driver/Src/stm32f1xx_hal_rcc_ex.c 0x00000000   Number         0  stm32f1xx_hal_rcc_ex.o ABSOLUTE
    ../Drivers/STM32F1xx_HAL_Driver/Src/stm32f1xx_hal_tim.c 0x00000000   Number         0  stm32f1xx_hal_tim.o ABSOLUTE
    ../Drivers/STM32F1xx_HAL_Driver/Src/stm32f1xx_hal_tim_ex.c 0x00000000   Number         0  stm32f1xx_hal_tim_ex.o ABSOLUTE
    ../Drivers/STM32F1xx_HAL_Driver/Src/stm32f1xx_hal_uart.c 0x00000000   Number         0  stm32f1xx_hal_uart.o ABSOLUTE
    ../Src/adc.c                             0x00000000   Number         0  adc.o ABSOLUTE
    ../Src/dma.c                             0x00000000   Number         0  dma.o ABSOLUTE
    ../Src/gpio.c                            0x00000000   Number         0  gpio.o ABSOLUTE
    ../Src/main.c                            0x00000000   Number         0  main.o ABSOLUTE
    ../Src/stm32f1xx_hal_msp.c               0x00000000   Number         0  stm32f1xx_hal_msp.o ABSOLUTE
    ../Src/stm32f1xx_it.c                    0x00000000   Number         0  stm32f1xx_it.o ABSOLUTE
    ../Src/system_stm32f1xx.c                0x00000000   Number         0  system_stm32f1xx.o ABSOLUTE
    ../Src/tim.c                             0x00000000   Number         0  tim.o ABSOLUTE
    ../Src/usart.c                           0x00000000   Number         0  usart.o ABSOLUTE
    ../clib/microlib/errno.c                 0x00000000   Number         0  errno.o ABSOLUTE
    ../clib/microlib/init/entry.s            0x00000000   Number         0  entry5.o ABSOLUTE
    ../clib/microlib/init/entry.s            0x00000000   Number         0  entry11b.o ABSOLUTE
    ../clib/microlib/init/entry.s            0x00000000   Number         0  entry7a.o ABSOLUTE
    ../clib/microlib/init/entry.s            0x00000000   Number         0  entry11a.o ABSOLUTE
    ../clib/microlib/init/entry.s            0x00000000   Number         0  entry10b.o ABSOLUTE
    ../clib/microlib/init/entry.s            0x00000000   Number         0  entry7b.o ABSOLUTE
    ../clib/microlib/init/entry.s            0x00000000   Number         0  entry2.o ABSOLUTE
    ../clib/microlib/init/entry.s            0x00000000   Number         0  entry.o ABSOLUTE
    ../clib/microlib/init/entry.s            0x00000000   Number         0  entry8a.o ABSOLUTE
    ../clib/microlib/init/entry.s            0x00000000   Number         0  entry8b.o ABSOLUTE
    ../clib/microlib/init/entry.s            0x00000000   Number         0  entry9a.o ABSOLUTE
    ../clib/microlib/init/entry.s            0x00000000   Number         0  entry9b.o ABSOLUTE
    ../clib/microlib/init/entry.s            0x00000000   Number         0  entry10a.o ABSOLUTE
    ../clib/microlib/longlong.c              0x00000000   Number         0  llushr.o ABSOLUTE
    ../clib/microlib/longlong.c              0x00000000   Number         0  llshl.o ABSOLUTE
    ../clib/microlib/string/memset.c         0x00000000   Number         0  memseta.o ABSOLUTE
    ../clib/microlib/string/strlen.c         0x00000000   Number         0  strlen.o ABSOLUTE
    ../clib/microlib/stubs.s                 0x00000000   Number         0  iusefp.o ABSOLUTE
    ../fplib/microlib/d2f.c                  0x00000000   Number         0  d2f.o ABSOLUTE
    ../fplib/microlib/f2d.c                  0x00000000   Number         0  f2d.o ABSOLUTE
    ../fplib/microlib/fpadd.c                0x00000000   Number         0  fadd.o ABSOLUTE
    ../fplib/microlib/fpepilogue.c           0x00000000   Number         0  fepilogue.o ABSOLUTE
    ../fplib/microlib/fpepilogue.c           0x00000000   Number         0  depilogue.o ABSOLUTE
    ../fplib/microlib/fpfix.c                0x00000000   Number         0  ffixi.o ABSOLUTE
    ../fplib/microlib/fpfix.c                0x00000000   Number         0  ffixui.o ABSOLUTE
    ../fplib/microlib/fpflt.c                0x00000000   Number         0  fflti.o ABSOLUTE
    ../fplib/microlib/fpflt.c                0x00000000   Number         0  ffltui.o ABSOLUTE
    ../fplib/microlib/fpmul.c                0x00000000   Number         0  fmul.o ABSOLUTE
    ../fplib/microlib/fpmul.c                0x00000000   Number         0  dmul.o ABSOLUTE
    ../fplib/microlib/fpscalb.c              0x00000000   Number         0  fscalb.o ABSOLUTE
    ../fplib/microlib/fpscalb.c              0x00000000   Number         0  dscalb.o ABSOLUTE
    ../fplib/microlib/fpsqrt.c               0x00000000   Number         0  dsqrt.o ABSOLUTE
    ../mathlib/sqrt.c                        0x00000000   Number         0  sqrt.o ABSOLUTE
    ../mathlib/sqrt.c                        0x00000000   Number         0  sqrt_x.o ABSOLUTE
    ..\Drivers\STM32F1xx_HAL_Driver\Src\stm32f1xx_hal.c 0x00000000   Number         0  stm32f1xx_hal.o ABSOLUTE
    ..\Drivers\STM32F1xx_HAL_Driver\Src\stm32f1xx_hal_adc.c 0x00000000   Number         0  stm32f1xx_hal_adc.o ABSOLUTE
    ..\Drivers\STM32F1xx_HAL_Driver\Src\stm32f1xx_hal_adc_ex.c 0x00000000   Number         0  stm32f1xx_hal_adc_ex.o ABSOLUTE
    ..\Drivers\STM32F1xx_HAL_Driver\Src\stm32f1xx_hal_cortex.c 0x00000000   Number         0  stm32f1xx_hal_cortex.o ABSOLUTE
    ..\Drivers\STM32F1xx_HAL_Driver\Src\stm32f1xx_hal_dma.c 0x00000000   Number         0  stm32f1xx_hal_dma.o ABSOLUTE
    ..\Drivers\STM32F1xx_HAL_Driver\Src\stm32f1xx_hal_exti.c 0x00000000   Number         0  stm32f1xx_hal_exti.o ABSOLUTE
    ..\Drivers\STM32F1xx_HAL_Driver\Src\stm32f1xx_hal_flash.c 0x00000000   Number         0  stm32f1xx_hal_flash.o ABSOLUTE
    ..\Drivers\STM32F1xx_HAL_Driver\Src\stm32f1xx_hal_flash_ex.c 0x00000000   Number         0  stm32f1xx_hal_flash_ex.o ABSOLUTE
    ..\Drivers\STM32F1xx_HAL_Driver\Src\stm32f1xx_hal_gpio.c 0x00000000   Number         0  stm32f1xx_hal_gpio.o ABSOLUTE
    ..\Drivers\STM32F1xx_HAL_Driver\Src\stm32f1xx_hal_gpio_ex.c 0x00000000   Number         0  stm32f1xx_hal_gpio_ex.o ABSOLUTE
    ..\Drivers\STM32F1xx_HAL_Driver\Src\stm32f1xx_hal_pwr.c 0x00000000   Number         0  stm32f1xx_hal_pwr.o ABSOLUTE
    ..\Drivers\STM32F1xx_HAL_Driver\Src\stm32f1xx_hal_rcc.c 0x00000000   Number         0  stm32f1xx_hal_rcc.o ABSOLUTE
    ..\Drivers\STM32F1xx_HAL_Driver\Src\stm32f1xx_hal_rcc_ex.c 0x00000000   Number         0  stm32f1xx_hal_rcc_ex.o ABSOLUTE
    ..\Drivers\STM32F1xx_HAL_Driver\Src\stm32f1xx_hal_tim.c 0x00000000   Number         0  stm32f1xx_hal_tim.o ABSOLUTE
    ..\Drivers\STM32F1xx_HAL_Driver\Src\stm32f1xx_hal_tim_ex.c 0x00000000   Number         0  stm32f1xx_hal_tim_ex.o ABSOLUTE
    ..\Drivers\STM32F1xx_HAL_Driver\Src\stm32f1xx_hal_uart.c 0x00000000   Number         0  stm32f1xx_hal_uart.o ABSOLUTE
    ..\Hardware\IIC\myiic.c                  0x00000000   Number         0  myiic.o ABSOLUTE
    ..\Hardware\LCD\lcd.c                    0x00000000   Number         0  lcd.o ABSOLUTE
    ..\Src\GUI.c                             0x00000000   Number         0  gui.o ABSOLUTE
    ..\Src\adc.c                             0x00000000   Number         0  adc.o ABSOLUTE
    ..\Src\dma.c                             0x00000000   Number         0  dma.o ABSOLUTE
    ..\Src\gpio.c                            0x00000000   Number         0  gpio.o ABSOLUTE
    ..\Src\main.c                            0x00000000   Number         0  main.o ABSOLUTE
    ..\Src\menu_GUI.C                        0x00000000   Number         0  menu_gui.o ABSOLUTE
    ..\Src\stm32f1xx_hal_msp.c               0x00000000   Number         0  stm32f1xx_hal_msp.o ABSOLUTE
    ..\Src\stm32f1xx_it.c                    0x00000000   Number         0  stm32f1xx_it.o ABSOLUTE
    ..\Src\system_stm32f1xx.c                0x00000000   Number         0  system_stm32f1xx.o ABSOLUTE
    ..\Src\tim.c                             0x00000000   Number         0  tim.o ABSOLUTE
    ..\Src\usart.c                           0x00000000   Number         0  usart.o ABSOLUTE
    ..\\Hardware\\IIC\\myiic.c               0x00000000   Number         0  myiic.o ABSOLUTE
    ..\\Hardware\\LCD\\lcd.c                 0x00000000   Number         0  lcd.o ABSOLUTE
    ..\\Src\\GUI.c                           0x00000000   Number         0  gui.o ABSOLUTE
    ..\\Src\\menu_GUI.C                      0x00000000   Number         0  menu_gui.o ABSOLUTE
    ..\stm32_fft\cr4_fft_256_stm32.s         0x00000000   Number         0  cr4_fft_256_stm32.o ABSOLUTE
    cdcmple.s                                0x00000000   Number         0  cdcmple.o ABSOLUTE
    cfcmple.s                                0x00000000   Number         0  cfcmple.o ABSOLUTE
    cfrcmple.s                               0x00000000   Number         0  cfrcmple.o ABSOLUTE
    dc.s                                     0x00000000   Number         0  dc.o ABSOLUTE
    handlers.s                               0x00000000   Number         0  handlers.o ABSOLUTE
    init.s                                   0x00000000   Number         0  init.o ABSOLUTE
    startup_stm32f103xb.s                    0x00000000   Number         0  startup_stm32f103xb.o ABSOLUTE
    RESET                                    0x08000000   Section      236  startup_stm32f103xb.o(RESET)
    .ARM.Collect$$$$00000000                 0x080000ec   Section        0  entry.o(.ARM.Collect$$$$00000000)
    .ARM.Collect$$$$00000001                 0x080000ec   Section        4  entry2.o(.ARM.Collect$$$$00000001)
    .ARM.Collect$$$$00000004                 0x080000f0   Section        4  entry5.o(.ARM.Collect$$$$00000004)
    .ARM.Collect$$$$00000008                 0x080000f4   Section        0  entry7b.o(.ARM.Collect$$$$00000008)
    .ARM.Collect$$$$0000000A                 0x080000f4   Section        0  entry8b.o(.ARM.Collect$$$$0000000A)
    .ARM.Collect$$$$0000000B                 0x080000f4   Section        8  entry9a.o(.ARM.Collect$$$$0000000B)
    .ARM.Collect$$$$0000000D                 0x080000fc   Section        0  entry10a.o(.ARM.Collect$$$$0000000D)
    .ARM.Collect$$$$0000000F                 0x080000fc   Section        0  entry11a.o(.ARM.Collect$$$$0000000F)
    .ARM.Collect$$$$00002712                 0x080000fc   Section        4  entry2.o(.ARM.Collect$$$$00002712)
    __lit__00000000                          0x080000fc   Data           4  entry2.o(.ARM.Collect$$$$00002712)
    .text                                    0x08000100   Section       36  startup_stm32f103xb.o(.text)
    .text                                    0x08000124   Section        0  llushr.o(.text)
    .text                                    0x08000144   Section        0  memseta.o(.text)
    .text                                    0x08000168   Section        0  fadd.o(.text)
    .text                                    0x08000218   Section        0  fmul.o(.text)
    .text                                    0x0800027c   Section        0  dmul.o(.text)
    .text                                    0x08000360   Section        0  dscalb.o(.text)
    .text                                    0x0800038e   Section        0  fflti.o(.text)
    .text                                    0x080003a0   Section        0  ffltui.o(.text)
    .text                                    0x080003aa   Section        0  ffixi.o(.text)
    .text                                    0x080003dc   Section        0  ffixui.o(.text)
    .text                                    0x08000404   Section        0  f2d.o(.text)
    .text                                    0x0800042a   Section        0  d2f.o(.text)
    .text                                    0x08000464   Section       20  cfcmple.o(.text)
    .text                                    0x08000478   Section       20  cfrcmple.o(.text)
    .text                                    0x0800048c   Section        0  iusefp.o(.text)
    .text                                    0x0800048c   Section        0  fepilogue.o(.text)
    .text                                    0x080004fa   Section        0  depilogue.o(.text)
    .text                                    0x080005b4   Section       36  init.o(.text)
    .text                                    0x080005d8   Section        0  llshl.o(.text)
    i.ADC_ConversionStop_Disable             0x080005f8   Section        0  stm32f1xx_hal_adc.o(i.ADC_ConversionStop_Disable)
    i.ADC_DMAConvCplt                        0x08000644   Section        0  stm32f1xx_hal_adc.o(i.ADC_DMAConvCplt)
    i.ADC_DMAError                           0x08000692   Section        0  stm32f1xx_hal_adc.o(i.ADC_DMAError)
    i.ADC_DMAHalfConvCplt                    0x080006ac   Section        0  stm32f1xx_hal_adc.o(i.ADC_DMAHalfConvCplt)
    i.ADC_Enable                             0x080006b8   Section        0  stm32f1xx_hal_adc.o(i.ADC_Enable)
    i.Amplitude                              0x08000728   Section        0  menu_gui.o(i.Amplitude)
    i.BusFault_Handler                       0x080007c4   Section        0  stm32f1xx_it.o(i.BusFault_Handler)
    i.DMA_SetConfig                          0x080007c6   Section        0  stm32f1xx_hal_dma.o(i.DMA_SetConfig)
    DMA_SetConfig                            0x080007c7   Thumb Code    42  stm32f1xx_hal_dma.o(i.DMA_SetConfig)
    i.DataProcess                            0x080007f0   Section        0  menu_gui.o(i.DataProcess)
    i.DebugMon_Handler                       0x0800082c   Section        0  stm32f1xx_it.o(i.DebugMon_Handler)
    i.EXTI4_IRQHandler                       0x0800082e   Section        0  stm32f1xx_it.o(i.EXTI4_IRQHandler)
    i.EXTI9_5_IRQHandler                     0x08000834   Section        0  stm32f1xx_it.o(i.EXTI9_5_IRQHandler)
    i.Error_Handler                          0x0800083a   Section        0  main.o(i.Error_Handler)
    i.GUI_DrawFont16                         0x0800083c   Section        0  gui.o(i.GUI_DrawFont16)
    i.GUI_DrawFont24                         0x08000928   Section        0  gui.o(i.GUI_DrawFont24)
    i.GUI_DrawFont32                         0x08000a18   Section        0  gui.o(i.GUI_DrawFont32)
    i.GUI_DrawLine                           0x08000b04   Section        0  gui.o(i.GUI_DrawLine)
    i.GUI_DrawPoint                          0x08000ba0   Section        0  gui.o(i.GUI_DrawPoint)
    i.HAL_ADC_ConfigChannel                  0x08000bb4   Section        0  stm32f1xx_hal_adc.o(i.HAL_ADC_ConfigChannel)
    i.HAL_ADC_ConvCpltCallback               0x08000cb0   Section        0  stm32f1xx_hal_adc.o(i.HAL_ADC_ConvCpltCallback)
    i.HAL_ADC_ConvHalfCpltCallback           0x08000cb2   Section        0  stm32f1xx_hal_adc.o(i.HAL_ADC_ConvHalfCpltCallback)
    i.HAL_ADC_ErrorCallback                  0x08000cb4   Section        0  stm32f1xx_hal_adc.o(i.HAL_ADC_ErrorCallback)
    i.HAL_ADC_Init                           0x08000cb8   Section        0  stm32f1xx_hal_adc.o(i.HAL_ADC_Init)
    i.HAL_ADC_MspInit                        0x08000dd4   Section        0  adc.o(i.HAL_ADC_MspInit)
    i.HAL_ADC_Start                          0x08000e64   Section        0  stm32f1xx_hal_adc.o(i.HAL_ADC_Start)
    i.HAL_ADC_Start_DMA                      0x08000f24   Section        0  stm32f1xx_hal_adc.o(i.HAL_ADC_Start_DMA)
    i.HAL_ADC_Stop_DMA                       0x08001030   Section        0  stm32f1xx_hal_adc.o(i.HAL_ADC_Stop_DMA)
    i.HAL_DMA_Abort                          0x0800107c   Section        0  stm32f1xx_hal_dma.o(i.HAL_DMA_Abort)
    i.HAL_DMA_Init                           0x080010c4   Section        0  stm32f1xx_hal_dma.o(i.HAL_DMA_Init)
    i.HAL_DMA_Start                          0x08001120   Section        0  stm32f1xx_hal_dma.o(i.HAL_DMA_Start)
    i.HAL_DMA_Start_IT                       0x08001170   Section        0  stm32f1xx_hal_dma.o(i.HAL_DMA_Start_IT)
    i.HAL_Delay                              0x080011e0   Section        0  stm32f1xx_hal.o(i.HAL_Delay)
    i.HAL_GPIO_EXTI_Callback                 0x08001204   Section        0  main.o(i.HAL_GPIO_EXTI_Callback)
    i.HAL_GPIO_EXTI_IRQHandler               0x08001248   Section        0  stm32f1xx_hal_gpio.o(i.HAL_GPIO_EXTI_IRQHandler)
    i.HAL_GPIO_Init                          0x0800125c   Section        0  stm32f1xx_hal_gpio.o(i.HAL_GPIO_Init)
    i.HAL_GetTick                            0x0800143c   Section        0  stm32f1xx_hal.o(i.HAL_GetTick)
    i.HAL_IncTick                            0x08001448   Section        0  stm32f1xx_hal.o(i.HAL_IncTick)
    i.HAL_Init                               0x08001458   Section        0  stm32f1xx_hal.o(i.HAL_Init)
    i.HAL_InitTick                           0x0800147c   Section        0  stm32f1xx_hal.o(i.HAL_InitTick)
    i.HAL_MspInit                            0x080014bc   Section        0  stm32f1xx_hal_msp.o(i.HAL_MspInit)
    i.HAL_NVIC_EnableIRQ                     0x080014f8   Section        0  stm32f1xx_hal_cortex.o(i.HAL_NVIC_EnableIRQ)
    i.HAL_NVIC_SetPriority                   0x08001514   Section        0  stm32f1xx_hal_cortex.o(i.HAL_NVIC_SetPriority)
    i.HAL_NVIC_SetPriorityGrouping           0x08001554   Section        0  stm32f1xx_hal_cortex.o(i.HAL_NVIC_SetPriorityGrouping)
    i.HAL_RCCEx_PeriphCLKConfig              0x08001578   Section        0  stm32f1xx_hal_rcc_ex.o(i.HAL_RCCEx_PeriphCLKConfig)
    i.HAL_RCC_ClockConfig                    0x08001664   Section        0  stm32f1xx_hal_rcc.o(i.HAL_RCC_ClockConfig)
    i.HAL_RCC_GetPCLK1Freq                   0x08001790   Section        0  stm32f1xx_hal_rcc.o(i.HAL_RCC_GetPCLK1Freq)
    i.HAL_RCC_GetPCLK2Freq                   0x080017b0   Section        0  stm32f1xx_hal_rcc.o(i.HAL_RCC_GetPCLK2Freq)
    i.HAL_RCC_GetSysClockFreq                0x080017d0   Section        0  stm32f1xx_hal_rcc.o(i.HAL_RCC_GetSysClockFreq)
    i.HAL_RCC_OscConfig                      0x0800183c   Section        0  stm32f1xx_hal_rcc.o(i.HAL_RCC_OscConfig)
    i.HAL_SYSTICK_Config                     0x08001b5c   Section        0  stm32f1xx_hal_cortex.o(i.HAL_SYSTICK_Config)
    i.HAL_TIMEx_MasterConfigSynchronization  0x08001b84   Section        0  stm32f1xx_hal_tim_ex.o(i.HAL_TIMEx_MasterConfigSynchronization)
    i.HAL_TIM_Base_Init                      0x08001bc6   Section        0  stm32f1xx_hal_tim.o(i.HAL_TIM_Base_Init)
    i.HAL_TIM_Base_MspInit                   0x08001bfc   Section        0  tim.o(i.HAL_TIM_Base_MspInit)
    i.HAL_TIM_Base_Start                     0x08001c24   Section        0  stm32f1xx_hal_tim.o(i.HAL_TIM_Base_Start)
    i.HAL_TIM_ConfigClockSource              0x08001c48   Section        0  stm32f1xx_hal_tim.o(i.HAL_TIM_ConfigClockSource)
    i.HAL_UART_Init                          0x08001d1e   Section        0  stm32f1xx_hal_uart.o(i.HAL_UART_Init)
    i.HAL_UART_MspInit                       0x08001d80   Section        0  usart.o(i.HAL_UART_MspInit)
    i.HardFault_Handler                      0x08001df0   Section        0  stm32f1xx_it.o(i.HardFault_Handler)
    i.LCD_Clear                              0x08001df4   Section        0  lcd.o(i.LCD_Clear)
    i.LCD_DrawPoint                          0x08001e38   Section        0  lcd.o(i.LCD_DrawPoint)
    i.LCD_Fill                               0x08001e50   Section        0  gui.o(i.LCD_Fill)
    i.LCD_GPIOInit                           0x08001eac   Section        0  lcd.o(i.LCD_GPIOInit)
    i.LCD_Init                               0x08001f04   Section        0  lcd.o(i.LCD_Init)
    i.LCD_RESET                              0x08002134   Section        0  lcd.o(i.LCD_RESET)
    i.LCD_SetCursor                          0x08002158   Section        0  lcd.o(i.LCD_SetCursor)
    i.LCD_SetParam                           0x08002160   Section        0  lcd.o(i.LCD_SetParam)
    i.LCD_SetWindows                         0x08002184   Section        0  lcd.o(i.LCD_SetWindows)
    i.LCD_ShowChar                           0x080021e8   Section        0  gui.o(i.LCD_ShowChar)
    i.LCD_ShowFloatNum                       0x080022ec   Section        0  gui.o(i.LCD_ShowFloatNum)
    i.LCD_ShowNum                            0x0800235c   Section        0  gui.o(i.LCD_ShowNum)
    i.LCD_ShowNum0                           0x080023e4   Section        0  gui.o(i.LCD_ShowNum0)
    i.LCD_WR_DATA                            0x0800246c   Section        0  lcd.o(i.LCD_WR_DATA)
    i.LCD_WR_DATA_16Bit                      0x08002488   Section        0  lcd.o(i.LCD_WR_DATA_16Bit)
    i.LCD_WR_REG                             0x080024b0   Section        0  lcd.o(i.LCD_WR_REG)
    i.LCD_WriteRAM_Prepare                   0x080024d0   Section        0  lcd.o(i.LCD_WriteRAM_Prepare)
    i.LCD_WriteReg                           0x080024dc   Section        0  lcd.o(i.LCD_WriteReg)
    i.MX_ADC1_Init                           0x080024f0   Section        0  adc.o(i.MX_ADC1_Init)
    i.MX_DMA_Init                            0x0800253c   Section        0  dma.o(i.MX_DMA_Init)
    i.MX_GPIO_Init                           0x08002558   Section        0  gpio.o(i.MX_GPIO_Init)
    i.MX_TIM3_Init                           0x080025f0   Section        0  tim.o(i.MX_TIM3_Init)
    i.MX_USART1_UART_Init                    0x08002658   Section        0  usart.o(i.MX_USART1_UART_Init)
    i.MemManage_Handler                      0x08002690   Section        0  stm32f1xx_it.o(i.MemManage_Handler)
    i.NMI_Handler                            0x08002692   Section        0  stm32f1xx_it.o(i.NMI_Handler)
    i.PendSV_Handler                         0x08002694   Section        0  stm32f1xx_it.o(i.PendSV_Handler)
    i.PlotInterface                          0x08002696   Section        0  menu_gui.o(i.PlotInterface)
    i.SPIv_WriteData                         0x080026d4   Section        0  lcd.o(i.SPIv_WriteData)
    i.SVC_Handler                            0x08002700   Section        0  stm32f1xx_it.o(i.SVC_Handler)
    i.SetCollectRate                         0x08002704   Section        0  menu_gui.o(i.SetCollectRate)
    i.ShowOnScreen                           0x080028dc   Section        0  menu_gui.o(i.ShowOnScreen)
    i.Show_Str                               0x08002980   Section        0  gui.o(i.Show_Str)
    i.SysTick_Handler                        0x08002a54   Section        0  stm32f1xx_it.o(i.SysTick_Handler)
    i.SystemClock_Config                     0x08002a58   Section        0  main.o(i.SystemClock_Config)
    i.SystemInit                             0x08002ab8   Section        0  system_stm32f1xx.o(i.SystemInit)
    i.TIM_Base_SetConfig                     0x08002b00   Section        0  stm32f1xx_hal_tim.o(i.TIM_Base_SetConfig)
    i.TIM_ETR_SetConfig                      0x08002b6c   Section        0  stm32f1xx_hal_tim.o(i.TIM_ETR_SetConfig)
    i.TIM_ITRx_SetConfig                     0x08002b80   Section        0  stm32f1xx_hal_tim.o(i.TIM_ITRx_SetConfig)
    TIM_ITRx_SetConfig                       0x08002b81   Thumb Code    16  stm32f1xx_hal_tim.o(i.TIM_ITRx_SetConfig)
    i.TIM_TI1_ConfigInputStage               0x08002b90   Section        0  stm32f1xx_hal_tim.o(i.TIM_TI1_ConfigInputStage)
    TIM_TI1_ConfigInputStage                 0x08002b91   Thumb Code    34  stm32f1xx_hal_tim.o(i.TIM_TI1_ConfigInputStage)
    i.TIM_TI2_ConfigInputStage               0x08002bb2   Section        0  stm32f1xx_hal_tim.o(i.TIM_TI2_ConfigInputStage)
    TIM_TI2_ConfigInputStage                 0x08002bb3   Thumb Code    36  stm32f1xx_hal_tim.o(i.TIM_TI2_ConfigInputStage)
    i.UART_SetConfig                         0x08002bd8   Section        0  stm32f1xx_hal_uart.o(i.UART_SetConfig)
    UART_SetConfig                           0x08002bd9   Thumb Code   178  stm32f1xx_hal_uart.o(i.UART_SetConfig)
    i.UsageFault_Handler                     0x08002c90   Section        0  stm32f1xx_it.o(i.UsageFault_Handler)
    i.VoltageToPoint                         0x08002c94   Section        0  menu_gui.o(i.VoltageToPoint)
    i.__NVIC_SetPriority                     0x08002ce0   Section        0  stm32f1xx_hal_cortex.o(i.__NVIC_SetPriority)
    __NVIC_SetPriority                       0x08002ce1   Thumb Code    32  stm32f1xx_hal_cortex.o(i.__NVIC_SetPriority)
    i.__scatterload_copy                     0x08002d00   Section       14  handlers.o(i.__scatterload_copy)
    i.__scatterload_null                     0x08002d0e   Section        2  handlers.o(i.__scatterload_null)
    i.__scatterload_zeroinit                 0x08002d10   Section       14  handlers.o(i.__scatterload_zeroinit)
    i._draw_circle_8                         0x08002d1e   Section        0  gui.o(i._draw_circle_8)
    i.gui_circle                             0x08002db6   Section        0  gui.o(i.gui_circle)
    i.main                                   0x08002e3c   Section        0  main.o(i.main)
    i.mypow                                  0x08002fa4   Section        0  gui.o(i.mypow)
    .constdata                               0x08002fb4   Section     4350  gui.o(.constdata)
    .constdata                               0x080040b2   Section       16  system_stm32f1xx.o(.constdata)
    .constdata                               0x080040c2   Section        8  system_stm32f1xx.o(.constdata)
    .data                                    0x20000000   Section        2  lcd.o(.data)
    .data                                    0x20000002   Section        2  lcd.o(.data)
    .data                                    0x20000004   Section       28  menu_gui.o(.data)
    .data                                    0x20000020   Section       12  main.o(.data)
    .data                                    0x2000002c   Section       12  stm32f1xx_hal.o(.data)
    .data                                    0x20000038   Section        4  system_stm32f1xx.o(.data)
    .bss                                     0x2000003c   Section       14  lcd.o(.bss)
    .bss                                     0x2000004c   Section     1664  menu_gui.o(.bss)
    .bss                                     0x200006cc   Section      512  main.o(.bss)
    .bss                                     0x200008cc   Section      116  adc.o(.bss)
    .bss                                     0x20000940   Section       64  tim.o(.bss)
    .bss                                     0x20000980   Section       64  usart.o(.bss)
    STACK                                    0x200009c0   Section     1024  startup_stm32f103xb.o(STACK)

    Global Symbols

    Symbol Name                              Value     Ov Type        Size  Object(Section)

    BuildAttributes$$THM_ISAv4$P$D$K$B$S$PE$A:L22UL41UL21$X:L11$S22US41US21$IEEE1$IW$USESV6$~STKCKD$USESV7$~SHL$OTIME$ROPI$IEEEJ$EBA8$MICROLIB$REQ8$PRES8$EABIv2 0x00000000   Number         0  anon$$obj.o ABSOLUTE
    __ARM_use_no_argv                        0x00000000   Number         0  main.o ABSOLUTE
    __cpp_initialize__aeabi_                  - Undefined Weak Reference
    __cxa_finalize                            - Undefined Weak Reference
    __decompress                              - Undefined Weak Reference
    _clock_init                               - Undefined Weak Reference
    _microlib_exit                            - Undefined Weak Reference
    __Vectors_Size                           0x000000ec   Number         0  startup_stm32f103xb.o ABSOLUTE
    __Vectors                                0x08000000   Data           4  startup_stm32f103xb.o(RESET)
    __Vectors_End                            0x080000ec   Data           0  startup_stm32f103xb.o(RESET)
    __main                                   0x080000ed   Thumb Code     0  entry.o(.ARM.Collect$$$$00000000)
    _main_stk                                0x080000ed   Thumb Code     0  entry2.o(.ARM.Collect$$$$00000001)
    _main_scatterload                        0x080000f1   Thumb Code     0  entry5.o(.ARM.Collect$$$$00000004)
    __main_after_scatterload                 0x080000f5   Thumb Code     0  entry5.o(.ARM.Collect$$$$00000004)
    _main_clock                              0x080000f5   Thumb Code     0  entry7b.o(.ARM.Collect$$$$00000008)
    _main_cpp_init                           0x080000f5   Thumb Code     0  entry8b.o(.ARM.Collect$$$$0000000A)
    _main_init                               0x080000f5   Thumb Code     0  entry9a.o(.ARM.Collect$$$$0000000B)
    __rt_final_cpp                           0x080000fd   Thumb Code     0  entry10a.o(.ARM.Collect$$$$0000000D)
    __rt_final_exit                          0x080000fd   Thumb Code     0  entry11a.o(.ARM.Collect$$$$0000000F)
    Reset_Handler                            0x08000101   Thumb Code     8  startup_stm32f103xb.o(.text)
    ADC1_2_IRQHandler                        0x0800011b   Thumb Code     0  startup_stm32f103xb.o(.text)
    CAN1_RX1_IRQHandler                      0x0800011b   Thumb Code     0  startup_stm32f103xb.o(.text)
    CAN1_SCE_IRQHandler                      0x0800011b   Thumb Code     0  startup_stm32f103xb.o(.text)
    DMA1_Channel1_IRQHandler                 0x0800011b   Thumb Code     0  startup_stm32f103xb.o(.text)
    DMA1_Channel2_IRQHandler                 0x0800011b   Thumb Code     0  startup_stm32f103xb.o(.text)
    DMA1_Channel3_IRQHandler                 0x0800011b   Thumb Code     0  startup_stm32f103xb.o(.text)
    DMA1_Channel4_IRQHandler                 0x0800011b   Thumb Code     0  startup_stm32f103xb.o(.text)
    DMA1_Channel5_IRQHandler                 0x0800011b   Thumb Code     0  startup_stm32f103xb.o(.text)
    DMA1_Channel6_IRQHandler                 0x0800011b   Thumb Code     0  startup_stm32f103xb.o(.text)
    DMA1_Channel7_IRQHandler                 0x0800011b   Thumb Code     0  startup_stm32f103xb.o(.text)
    EXTI0_IRQHandler                         0x0800011b   Thumb Code     0  startup_stm32f103xb.o(.text)
    EXTI15_10_IRQHandler                     0x0800011b   Thumb Code     0  startup_stm32f103xb.o(.text)
    EXTI1_IRQHandler                         0x0800011b   Thumb Code     0  startup_stm32f103xb.o(.text)
    EXTI2_IRQHandler                         0x0800011b   Thumb Code     0  startup_stm32f103xb.o(.text)
    EXTI3_IRQHandler                         0x0800011b   Thumb Code     0  startup_stm32f103xb.o(.text)
    FLASH_IRQHandler                         0x0800011b   Thumb Code     0  startup_stm32f103xb.o(.text)
    I2C1_ER_IRQHandler                       0x0800011b   Thumb Code     0  startup_stm32f103xb.o(.text)
    I2C1_EV_IRQHandler                       0x0800011b   Thumb Code     0  startup_stm32f103xb.o(.text)
    I2C2_ER_IRQHandler                       0x0800011b   Thumb Code     0  startup_stm32f103xb.o(.text)
    I2C2_EV_IRQHandler                       0x0800011b   Thumb Code     0  startup_stm32f103xb.o(.text)
    PVD_IRQHandler                           0x0800011b   Thumb Code     0  startup_stm32f103xb.o(.text)
    RCC_IRQHandler                           0x0800011b   Thumb Code     0  startup_stm32f103xb.o(.text)
    RTC_Alarm_IRQHandler                     0x0800011b   Thumb Code     0  startup_stm32f103xb.o(.text)
    RTC_IRQHandler                           0x0800011b   Thumb Code     0  startup_stm32f103xb.o(.text)
    SPI1_IRQHandler                          0x0800011b   Thumb Code     0  startup_stm32f103xb.o(.text)
    SPI2_IRQHandler                          0x0800011b   Thumb Code     0  startup_stm32f103xb.o(.text)
    TAMPER_IRQHandler                        0x0800011b   Thumb Code     0  startup_stm32f103xb.o(.text)
    TIM1_BRK_IRQHandler                      0x0800011b   Thumb Code     0  startup_stm32f103xb.o(.text)
    TIM1_CC_IRQHandler                       0x0800011b   Thumb Code     0  startup_stm32f103xb.o(.text)
    TIM1_TRG_COM_IRQHandler                  0x0800011b   Thumb Code     0  startup_stm32f103xb.o(.text)
    TIM1_UP_IRQHandler                       0x0800011b   Thumb Code     0  startup_stm32f103xb.o(.text)
    TIM2_IRQHandler                          0x0800011b   Thumb Code     0  startup_stm32f103xb.o(.text)
    TIM3_IRQHandler                          0x0800011b   Thumb Code     0  startup_stm32f103xb.o(.text)
    TIM4_IRQHandler                          0x0800011b   Thumb Code     0  startup_stm32f103xb.o(.text)
    USART1_IRQHandler                        0x0800011b   Thumb Code     0  startup_stm32f103xb.o(.text)
    USART2_IRQHandler                        0x0800011b   Thumb Code     0  startup_stm32f103xb.o(.text)
    USART3_IRQHandler                        0x0800011b   Thumb Code     0  startup_stm32f103xb.o(.text)
    USBWakeUp_IRQHandler                     0x0800011b   Thumb Code     0  startup_stm32f103xb.o(.text)
    USB_HP_CAN1_TX_IRQHandler                0x0800011b   Thumb Code     0  startup_stm32f103xb.o(.text)
    USB_LP_CAN1_RX0_IRQHandler               0x0800011b   Thumb Code     0  startup_stm32f103xb.o(.text)
    WWDG_IRQHandler                          0x0800011b   Thumb Code     0  startup_stm32f103xb.o(.text)
    __aeabi_llsr                             0x08000125   Thumb Code    32  llushr.o(.text)
    _ll_ushift_r                             0x08000125   Thumb Code     0  llushr.o(.text)
    __aeabi_memset                           0x08000145   Thumb Code    14  memseta.o(.text)
    __aeabi_memset4                          0x08000145   Thumb Code     0  memseta.o(.text)
    __aeabi_memset8                          0x08000145   Thumb Code     0  memseta.o(.text)
    __aeabi_memclr                           0x08000153   Thumb Code     4  memseta.o(.text)
    __aeabi_memclr4                          0x08000153   Thumb Code     0  memseta.o(.text)
    __aeabi_memclr8                          0x08000153   Thumb Code     0  memseta.o(.text)
    _memset$wrapper                          0x08000157   Thumb Code    18  memseta.o(.text)
    __aeabi_fadd                             0x08000169   Thumb Code   164  fadd.o(.text)
    __aeabi_fsub                             0x0800020d   Thumb Code     6  fadd.o(.text)
    __aeabi_frsub                            0x08000213   Thumb Code     6  fadd.o(.text)
    __aeabi_fmul                             0x08000219   Thumb Code   100  fmul.o(.text)
    __aeabi_dmul                             0x0800027d   Thumb Code   228  dmul.o(.text)
    __ARM_scalbn                             0x08000361   Thumb Code    46  dscalb.o(.text)
    scalbn                                   0x08000361   Thumb Code     0  dscalb.o(.text)
    __aeabi_i2f                              0x0800038f   Thumb Code    18  fflti.o(.text)
    __aeabi_ui2f                             0x080003a1   Thumb Code    10  ffltui.o(.text)
    __aeabi_f2iz                             0x080003ab   Thumb Code    50  ffixi.o(.text)
    __aeabi_f2uiz                            0x080003dd   Thumb Code    40  ffixui.o(.text)
    __aeabi_f2d                              0x08000405   Thumb Code    38  f2d.o(.text)
    __aeabi_d2f                              0x0800042b   Thumb Code    56  d2f.o(.text)
    __aeabi_cfcmpeq                          0x08000465   Thumb Code     0  cfcmple.o(.text)
    __aeabi_cfcmple                          0x08000465   Thumb Code    20  cfcmple.o(.text)
    __aeabi_cfrcmple                         0x08000479   Thumb Code    20  cfrcmple.o(.text)
    __I$use$fp                               0x0800048d   Thumb Code     0  iusefp.o(.text)
    _float_round                             0x0800048d   Thumb Code    18  fepilogue.o(.text)
    _float_epilogue                          0x0800049f   Thumb Code    92  fepilogue.o(.text)
    _double_round                            0x080004fb   Thumb Code    30  depilogue.o(.text)
    _double_epilogue                         0x08000519   Thumb Code   156  depilogue.o(.text)
    __scatterload                            0x080005b5   Thumb Code    28  init.o(.text)
    __scatterload_rt2                        0x080005b5   Thumb Code     0  init.o(.text)
    __aeabi_llsl                             0x080005d9   Thumb Code    30  llshl.o(.text)
    _ll_shift_l                              0x080005d9   Thumb Code     0  llshl.o(.text)
    ADC_ConversionStop_Disable               0x080005f9   Thumb Code    76  stm32f1xx_hal_adc.o(i.ADC_ConversionStop_Disable)
    ADC_DMAConvCplt                          0x08000645   Thumb Code    78  stm32f1xx_hal_adc.o(i.ADC_DMAConvCplt)
    ADC_DMAError                             0x08000693   Thumb Code    26  stm32f1xx_hal_adc.o(i.ADC_DMAError)
    ADC_DMAHalfConvCplt                      0x080006ad   Thumb Code    10  stm32f1xx_hal_adc.o(i.ADC_DMAHalfConvCplt)
    ADC_Enable                               0x080006b9   Thumb Code   104  stm32f1xx_hal_adc.o(i.ADC_Enable)
    Amplitude                                0x08000729   Thumb Code   144  menu_gui.o(i.Amplitude)
    BusFault_Handler                         0x080007c5   Thumb Code     2  stm32f1xx_it.o(i.BusFault_Handler)
    DataProcess                              0x080007f1   Thumb Code    50  menu_gui.o(i.DataProcess)
    DebugMon_Handler                         0x0800082d   Thumb Code     2  stm32f1xx_it.o(i.DebugMon_Handler)
    EXTI4_IRQHandler                         0x0800082f   Thumb Code     6  stm32f1xx_it.o(i.EXTI4_IRQHandler)
    EXTI9_5_IRQHandler                       0x08000835   Thumb Code     6  stm32f1xx_it.o(i.EXTI9_5_IRQHandler)
    Error_Handler                            0x0800083b   Thumb Code     2  main.o(i.Error_Handler)
    GUI_DrawFont16                           0x0800083d   Thumb Code   222  gui.o(i.GUI_DrawFont16)
    GUI_DrawFont24                           0x08000929   Thumb Code   226  gui.o(i.GUI_DrawFont24)
    GUI_DrawFont32                           0x08000a19   Thumb Code   222  gui.o(i.GUI_DrawFont32)
    GUI_DrawLine                             0x08000b05   Thumb Code   156  gui.o(i.GUI_DrawLine)
    GUI_DrawPoint                            0x08000ba1   Thumb Code    18  gui.o(i.GUI_DrawPoint)
    HAL_ADC_ConfigChannel                    0x08000bb5   Thumb Code   240  stm32f1xx_hal_adc.o(i.HAL_ADC_ConfigChannel)
    HAL_ADC_ConvCpltCallback                 0x08000cb1   Thumb Code     2  stm32f1xx_hal_adc.o(i.HAL_ADC_ConvCpltCallback)
    HAL_ADC_ConvHalfCpltCallback             0x08000cb3   Thumb Code     2  stm32f1xx_hal_adc.o(i.HAL_ADC_ConvHalfCpltCallback)
    HAL_ADC_ErrorCallback                    0x08000cb5   Thumb Code     2  stm32f1xx_hal_adc.o(i.HAL_ADC_ErrorCallback)
    HAL_ADC_Init                             0x08000cb9   Thumb Code   272  stm32f1xx_hal_adc.o(i.HAL_ADC_Init)
    HAL_ADC_MspInit                          0x08000dd5   Thumb Code   122  adc.o(i.HAL_ADC_MspInit)
    HAL_ADC_Start                            0x08000e65   Thumb Code   184  stm32f1xx_hal_adc.o(i.HAL_ADC_Start)
    HAL_ADC_Start_DMA                        0x08000f25   Thumb Code   246  stm32f1xx_hal_adc.o(i.HAL_ADC_Start_DMA)
    HAL_ADC_Stop_DMA                         0x08001031   Thumb Code    76  stm32f1xx_hal_adc.o(i.HAL_ADC_Stop_DMA)
    HAL_DMA_Abort                            0x0800107d   Thumb Code    70  stm32f1xx_hal_dma.o(i.HAL_DMA_Abort)
    HAL_DMA_Init                             0x080010c5   Thumb Code    84  stm32f1xx_hal_dma.o(i.HAL_DMA_Init)
    HAL_DMA_Start                            0x08001121   Thumb Code    80  stm32f1xx_hal_dma.o(i.HAL_DMA_Start)
    HAL_DMA_Start_IT                         0x08001171   Thumb Code   112  stm32f1xx_hal_dma.o(i.HAL_DMA_Start_IT)
    HAL_Delay                                0x080011e1   Thumb Code    32  stm32f1xx_hal.o(i.HAL_Delay)
    HAL_GPIO_EXTI_Callback                   0x08001205   Thumb Code    58  main.o(i.HAL_GPIO_EXTI_Callback)
    HAL_GPIO_EXTI_IRQHandler                 0x08001249   Thumb Code    16  stm32f1xx_hal_gpio.o(i.HAL_GPIO_EXTI_IRQHandler)
    HAL_GPIO_Init                            0x0800125d   Thumb Code   446  stm32f1xx_hal_gpio.o(i.HAL_GPIO_Init)
    HAL_GetTick                              0x0800143d   Thumb Code     6  stm32f1xx_hal.o(i.HAL_GetTick)
    HAL_IncTick                              0x08001449   Thumb Code    12  stm32f1xx_hal.o(i.HAL_IncTick)
    HAL_Init                                 0x08001459   Thumb Code    32  stm32f1xx_hal.o(i.HAL_Init)
    HAL_InitTick                             0x0800147d   Thumb Code    54  stm32f1xx_hal.o(i.HAL_InitTick)
    HAL_MspInit                              0x080014bd   Thumb Code    52  stm32f1xx_hal_msp.o(i.HAL_MspInit)
    HAL_NVIC_EnableIRQ                       0x080014f9   Thumb Code    26  stm32f1xx_hal_cortex.o(i.HAL_NVIC_EnableIRQ)
    HAL_NVIC_SetPriority                     0x08001515   Thumb Code    60  stm32f1xx_hal_cortex.o(i.HAL_NVIC_SetPriority)
    HAL_NVIC_SetPriorityGrouping             0x08001555   Thumb Code    26  stm32f1xx_hal_cortex.o(i.HAL_NVIC_SetPriorityGrouping)
    HAL_RCCEx_PeriphCLKConfig                0x08001579   Thumb Code   224  stm32f1xx_hal_rcc_ex.o(i.HAL_RCCEx_PeriphCLKConfig)
    HAL_RCC_ClockConfig                      0x08001665   Thumb Code   280  stm32f1xx_hal_rcc.o(i.HAL_RCC_ClockConfig)
    HAL_RCC_GetPCLK1Freq                     0x08001791   Thumb Code    20  stm32f1xx_hal_rcc.o(i.HAL_RCC_GetPCLK1Freq)
    HAL_RCC_GetPCLK2Freq                     0x080017b1   Thumb Code    20  stm32f1xx_hal_rcc.o(i.HAL_RCC_GetPCLK2Freq)
    HAL_RCC_GetSysClockFreq                  0x080017d1   Thumb Code    74  stm32f1xx_hal_rcc.o(i.HAL_RCC_GetSysClockFreq)
    HAL_RCC_OscConfig                        0x0800183d   Thumb Code   778  stm32f1xx_hal_rcc.o(i.HAL_RCC_OscConfig)
    HAL_SYSTICK_Config                       0x08001b5d   Thumb Code    40  stm32f1xx_hal_cortex.o(i.HAL_SYSTICK_Config)
    HAL_TIMEx_MasterConfigSynchronization    0x08001b85   Thumb Code    66  stm32f1xx_hal_tim_ex.o(i.HAL_TIMEx_MasterConfigSynchronization)
    HAL_TIM_Base_Init                        0x08001bc7   Thumb Code    54  stm32f1xx_hal_tim.o(i.HAL_TIM_Base_Init)
    HAL_TIM_Base_MspInit                     0x08001bfd   Thumb Code    30  tim.o(i.HAL_TIM_Base_MspInit)
    HAL_TIM_Base_Start                       0x08001c25   Thumb Code    36  stm32f1xx_hal_tim.o(i.HAL_TIM_Base_Start)
    HAL_TIM_ConfigClockSource                0x08001c49   Thumb Code   214  stm32f1xx_hal_tim.o(i.HAL_TIM_ConfigClockSource)
    HAL_UART_Init                            0x08001d1f   Thumb Code    98  stm32f1xx_hal_uart.o(i.HAL_UART_Init)
    HAL_UART_MspInit                         0x08001d81   Thumb Code   100  usart.o(i.HAL_UART_MspInit)
    HardFault_Handler                        0x08001df1   Thumb Code     2  stm32f1xx_it.o(i.HardFault_Handler)
    LCD_Clear                                0x08001df5   Thumb Code    62  lcd.o(i.LCD_Clear)
    LCD_DrawPoint                            0x08001e39   Thumb Code    18  lcd.o(i.LCD_DrawPoint)
    LCD_Fill                                 0x08001e51   Thumb Code    88  gui.o(i.LCD_Fill)
    LCD_GPIOInit                             0x08001ead   Thumb Code    76  lcd.o(i.LCD_GPIOInit)
    LCD_Init                                 0x08001f05   Thumb Code   556  lcd.o(i.LCD_Init)
    LCD_RESET                                0x08002135   Thumb Code    30  lcd.o(i.LCD_RESET)
    LCD_SetCursor                            0x08002159   Thumb Code     8  lcd.o(i.LCD_SetCursor)
    LCD_SetParam                             0x08002161   Thumb Code    32  lcd.o(i.LCD_SetParam)
    LCD_SetWindows                           0x08002185   Thumb Code    96  lcd.o(i.LCD_SetWindows)
    LCD_ShowChar                             0x080021e9   Thumb Code   244  gui.o(i.LCD_ShowChar)
    LCD_ShowFloatNum                         0x080022ed   Thumb Code   104  gui.o(i.LCD_ShowFloatNum)
    LCD_ShowNum                              0x0800235d   Thumb Code   126  gui.o(i.LCD_ShowNum)
    LCD_ShowNum0                             0x080023e5   Thumb Code   126  gui.o(i.LCD_ShowNum0)
    LCD_WR_DATA                              0x0800246d   Thumb Code    24  lcd.o(i.LCD_WR_DATA)
    LCD_WR_DATA_16Bit                        0x08002489   Thumb Code    34  lcd.o(i.LCD_WR_DATA_16Bit)
    LCD_WR_REG                               0x080024b1   Thumb Code    26  lcd.o(i.LCD_WR_REG)
    LCD_WriteRAM_Prepare                     0x080024d1   Thumb Code     8  lcd.o(i.LCD_WriteRAM_Prepare)
    LCD_WriteReg                             0x080024dd   Thumb Code    18  lcd.o(i.LCD_WriteReg)
    MX_ADC1_Init                             0x080024f1   Thumb Code    68  adc.o(i.MX_ADC1_Init)
    MX_DMA_Init                              0x0800253d   Thumb Code    22  dma.o(i.MX_DMA_Init)
    MX_GPIO_Init                             0x08002559   Thumb Code   136  gpio.o(i.MX_GPIO_Init)
    MX_TIM3_Init                             0x080025f1   Thumb Code    96  tim.o(i.MX_TIM3_Init)
    MX_USART1_UART_Init                      0x08002659   Thumb Code    48  usart.o(i.MX_USART1_UART_Init)
    MemManage_Handler                        0x08002691   Thumb Code     2  stm32f1xx_it.o(i.MemManage_Handler)
    NMI_Handler                              0x08002693   Thumb Code     2  stm32f1xx_it.o(i.NMI_Handler)
    PendSV_Handler                           0x08002695   Thumb Code     2  stm32f1xx_it.o(i.PendSV_Handler)
    PlotInterface                            0x08002697   Thumb Code    60  menu_gui.o(i.PlotInterface)
    SPIv_WriteData                           0x080026d5   Thumb Code    40  lcd.o(i.SPIv_WriteData)
    SVC_Handler                              0x08002701   Thumb Code     2  stm32f1xx_it.o(i.SVC_Handler)
    SetCollectRate                           0x08002705   Thumb Code   460  menu_gui.o(i.SetCollectRate)
    ShowOnScreen                             0x080028dd   Thumb Code   152  menu_gui.o(i.ShowOnScreen)
    Show_Str                                 0x08002981   Thumb Code   206  gui.o(i.Show_Str)
    SysTick_Handler                          0x08002a55   Thumb Code     4  stm32f1xx_it.o(i.SysTick_Handler)
    SystemClock_Config                       0x08002a59   Thumb Code    96  main.o(i.SystemClock_Config)
    SystemInit                               0x08002ab9   Thumb Code    56  system_stm32f1xx.o(i.SystemInit)
    TIM_Base_SetConfig                       0x08002b01   Thumb Code    94  stm32f1xx_hal_tim.o(i.TIM_Base_SetConfig)
    TIM_ETR_SetConfig                        0x08002b6d   Thumb Code    20  stm32f1xx_hal_tim.o(i.TIM_ETR_SetConfig)
    UsageFault_Handler                       0x08002c91   Thumb Code     2  stm32f1xx_it.o(i.UsageFault_Handler)
    VoltageToPoint                           0x08002c95   Thumb Code    66  menu_gui.o(i.VoltageToPoint)
    __scatterload_copy                       0x08002d01   Thumb Code    14  handlers.o(i.__scatterload_copy)
    __scatterload_null                       0x08002d0f   Thumb Code     2  handlers.o(i.__scatterload_null)
    __scatterload_zeroinit                   0x08002d11   Thumb Code    14  handlers.o(i.__scatterload_zeroinit)
    _draw_circle_8                           0x08002d1f   Thumb Code   152  gui.o(i._draw_circle_8)
    gui_circle                               0x08002db7   Thumb Code   132  gui.o(i.gui_circle)
    main                                     0x08002e3d   Thumb Code   322  main.o(i.main)
    mypow                                    0x08002fa5   Thumb Code    16  gui.o(i.mypow)
    asc2_1206                                0x08002fb4   Data        1140  gui.o(.constdata)
    asc2_1608                                0x08003428   Data        1520  gui.o(.constdata)
    asc2_2412                                0x08003a18   Data         576  gui.o(.constdata)
    tfont16                                  0x08003c58   Data         170  gui.o(.constdata)
    tfont24                                  0x08003d02   Data         814  gui.o(.constdata)
    tfont32                                  0x08004030   Data         130  gui.o(.constdata)
    AHBPrescTable                            0x080040b2   Data          16  system_stm32f1xx.o(.constdata)
    APBPrescTable                            0x080040c2   Data           8  system_stm32f1xx.o(.constdata)
    Region$$Table$$Base                      0x080040cc   Number         0  anon$$obj.o(Region$$Table)
    Region$$Table$$Limit                     0x080040ec   Number         0  anon$$obj.o(Region$$Table)
    POINT_COLOR                              0x20000000   Data           2  lcd.o(.data)
    BACK_COLOR                               0x20000002   Data           2  lcd.o(.data)
    n                                        0x20000004   Data           4  menu_gui.o(.data)
    start                                    0x20000008   Data           4  menu_gui.o(.data)
    tempMAX                                  0x2000000c   Data           4  menu_gui.o(.data)
    tempMIN                                  0x20000010   Data           4  menu_gui.o(.data)
    trigger                                  0x20000014   Data           4  menu_gui.o(.data)
    trigger_VOL                              0x20000018   Data           4  menu_gui.o(.data)
    j                                        0x2000001c   Data           4  menu_gui.o(.data)
    rateUP                                   0x20000020   Data           4  main.o(.data)
    rateDOWN                                 0x20000024   Data           4  main.o(.data)
    r                                        0x20000028   Data           4  main.o(.data)
    uwTickFreq                               0x2000002c   Data           1  stm32f1xx_hal.o(.data)
    uwTickPrio                               0x20000030   Data           4  stm32f1xx_hal.o(.data)
    uwTick                                   0x20000034   Data           4  stm32f1xx_hal.o(.data)
    SystemCoreClock                          0x20000038   Data           4  system_stm32f1xx.o(.data)
    lcddev                                   0x2000003c   Data          14  lcd.o(.bss)
    FFT_OutData                              0x2000004c   Data        1024  menu_gui.o(.bss)
    FFT_Mag                                  0x2000044c   Data         512  menu_gui.o(.bss)
    ex_PointBuffer                           0x2000064c   Data         128  menu_gui.o(.bss)
    DataBuffer                               0x200006cc   Data         512  main.o(.bss)
    hadc1                                    0x200008cc   Data          48  adc.o(.bss)
    hdma_adc1                                0x200008fc   Data          68  adc.o(.bss)
    htim3                                    0x20000940   Data          64  tim.o(.bss)
    huart1                                   0x20000980   Data          64  usart.o(.bss)
    __initial_sp                             0x20000dc0   Data           0  startup_stm32f103xb.o(STACK)



==============================================================================

Memory Map of the image

  Image Entry point : 0x080000ed

  Load Region LR_IROM1 (Base: 0x08000000, Size: 0x00004128, Max: 0x00010000, ABSOLUTE)

    Execution Region ER_IROM1 (Base: 0x08000000, Size: 0x000040ec, Max: 0x00010000, ABSOLUTE)

    Base Addr    Size         Type   Attr      Idx    E Section Name        Object

    0x08000000   0x000000ec   Data   RO            3    RESET               startup_stm32f103xb.o
    0x080000ec   0x00000000   Code   RO         3498  * .ARM.Collect$$$$00000000  mc_w.l(entry.o)
    0x080000ec   0x00000004   Code   RO         3533    .ARM.Collect$$$$00000001  mc_w.l(entry2.o)
    0x080000f0   0x00000004   Code   RO         3536    .ARM.Collect$$$$00000004  mc_w.l(entry5.o)
    0x080000f4   0x00000000   Code   RO         3538    .ARM.Collect$$$$00000008  mc_w.l(entry7b.o)
    0x080000f4   0x00000000   Code   RO         3540    .ARM.Collect$$$$0000000A  mc_w.l(entry8b.o)
    0x080000f4   0x00000008   Code   RO         3541    .ARM.Collect$$$$0000000B  mc_w.l(entry9a.o)
    0x080000fc   0x00000000   Code   RO         3543    .ARM.Collect$$$$0000000D  mc_w.l(entry10a.o)
    0x080000fc   0x00000000   Code   RO         3545    .ARM.Collect$$$$0000000F  mc_w.l(entry11a.o)
    0x080000fc   0x00000004   Code   RO         3534    .ARM.Collect$$$$00002712  mc_w.l(entry2.o)
    0x08000100   0x00000024   Code   RO            4    .text               startup_stm32f103xb.o
    0x08000124   0x00000020   Code   RO         3501    .text               mc_w.l(llushr.o)
    0x08000144   0x00000024   Code   RO         3503    .text               mc_w.l(memseta.o)
    0x08000168   0x000000b0   Code   RO         3507    .text               mf_w.l(fadd.o)
    0x08000218   0x00000064   Code   RO         3509    .text               mf_w.l(fmul.o)
    0x0800027c   0x000000e4   Code   RO         3513    .text               mf_w.l(dmul.o)
    0x08000360   0x0000002e   Code   RO         3515    .text               mf_w.l(dscalb.o)
    0x0800038e   0x00000012   Code   RO         3517    .text               mf_w.l(fflti.o)
    0x080003a0   0x0000000a   Code   RO         3519    .text               mf_w.l(ffltui.o)
    0x080003aa   0x00000032   Code   RO         3521    .text               mf_w.l(ffixi.o)
    0x080003dc   0x00000028   Code   RO         3523    .text               mf_w.l(ffixui.o)
    0x08000404   0x00000026   Code   RO         3525    .text               mf_w.l(f2d.o)
    0x0800042a   0x00000038   Code   RO         3527    .text               mf_w.l(d2f.o)
    0x08000462   0x00000002   PAD
    0x08000464   0x00000014   Code   RO         3529    .text               mf_w.l(cfcmple.o)
    0x08000478   0x00000014   Code   RO         3531    .text               mf_w.l(cfrcmple.o)
    0x0800048c   0x00000000   Code   RO         3554    .text               mc_w.l(iusefp.o)
    0x0800048c   0x0000006e   Code   RO         3555    .text               mf_w.l(fepilogue.o)
    0x080004fa   0x000000ba   Code   RO         3557    .text               mf_w.l(depilogue.o)
    0x080005b4   0x00000024   Code   RO         3563    .text               mc_w.l(init.o)
    0x080005d8   0x0000001e   Code   RO         3565    .text               mc_w.l(llshl.o)
    0x080005f6   0x00000002   PAD
    0x080005f8   0x0000004c   Code   RO          950    i.ADC_ConversionStop_Disable  stm32f1xx_hal_adc.o
    0x08000644   0x0000004e   Code   RO          951    i.ADC_DMAConvCplt   stm32f1xx_hal_adc.o
    0x08000692   0x0000001a   Code   RO          952    i.ADC_DMAError      stm32f1xx_hal_adc.o
    0x080006ac   0x0000000a   Code   RO          953    i.ADC_DMAHalfConvCplt  stm32f1xx_hal_adc.o
    0x080006b6   0x00000002   PAD
    0x080006b8   0x00000070   Code   RO          954    i.ADC_Enable        stm32f1xx_hal_adc.o
    0x08000728   0x0000009c   Code   RO          465    i.Amplitude         menu_gui.o
    0x080007c4   0x00000002   Code   RO          803    i.BusFault_Handler  stm32f1xx_it.o
    0x080007c6   0x0000002a   Code   RO         1604    i.DMA_SetConfig     stm32f1xx_hal_dma.o
    0x080007f0   0x0000003c   Code   RO          467    i.DataProcess       menu_gui.o
    0x0800082c   0x00000002   Code   RO          804    i.DebugMon_Handler  stm32f1xx_it.o
    0x0800082e   0x00000006   Code   RO          805    i.EXTI4_IRQHandler  stm32f1xx_it.o
    0x08000834   0x00000006   Code   RO          806    i.EXTI9_5_IRQHandler  stm32f1xx_it.o
    0x0800083a   0x00000002   Code   RO          555    i.Error_Handler     main.o
    0x0800083c   0x000000ec   Code   RO          306    i.GUI_DrawFont16    gui.o
    0x08000928   0x000000f0   Code   RO          307    i.GUI_DrawFont24    gui.o
    0x08000a18   0x000000ec   Code   RO          308    i.GUI_DrawFont32    gui.o
    0x08000b04   0x0000009c   Code   RO          309    i.GUI_DrawLine      gui.o
    0x08000ba0   0x00000012   Code   RO          310    i.GUI_DrawPoint     gui.o
    0x08000bb2   0x00000002   PAD
    0x08000bb4   0x000000fc   Code   RO          956    i.HAL_ADC_ConfigChannel  stm32f1xx_hal_adc.o
    0x08000cb0   0x00000002   Code   RO          957    i.HAL_ADC_ConvCpltCallback  stm32f1xx_hal_adc.o
    0x08000cb2   0x00000002   Code   RO          958    i.HAL_ADC_ConvHalfCpltCallback  stm32f1xx_hal_adc.o
    0x08000cb4   0x00000002   Code   RO          960    i.HAL_ADC_ErrorCallback  stm32f1xx_hal_adc.o
    0x08000cb6   0x00000002   PAD
    0x08000cb8   0x0000011c   Code   RO          965    i.HAL_ADC_Init      stm32f1xx_hal_adc.o
    0x08000dd4   0x00000090   Code   RO          654    i.HAL_ADC_MspInit   adc.o
    0x08000e64   0x000000c0   Code   RO          971    i.HAL_ADC_Start     stm32f1xx_hal_adc.o
    0x08000f24   0x0000010c   Code   RO          972    i.HAL_ADC_Start_DMA  stm32f1xx_hal_adc.o
    0x08001030   0x0000004c   Code   RO          975    i.HAL_ADC_Stop_DMA  stm32f1xx_hal_adc.o
    0x0800107c   0x00000046   Code   RO         1605    i.HAL_DMA_Abort     stm32f1xx_hal_dma.o
    0x080010c2   0x00000002   PAD
    0x080010c4   0x0000005c   Code   RO         1611    i.HAL_DMA_Init      stm32f1xx_hal_dma.o
    0x08001120   0x00000050   Code   RO         1614    i.HAL_DMA_Start     stm32f1xx_hal_dma.o
    0x08001170   0x00000070   Code   RO         1615    i.HAL_DMA_Start_IT  stm32f1xx_hal_dma.o
    0x080011e0   0x00000024   Code   RO         1233    i.HAL_Delay         stm32f1xx_hal.o
    0x08001204   0x00000044   Code   RO          556    i.HAL_GPIO_EXTI_Callback  main.o
    0x08001248   0x00000014   Code   RO         1540    i.HAL_GPIO_EXTI_IRQHandler  stm32f1xx_hal_gpio.o
    0x0800125c   0x000001e0   Code   RO         1541    i.HAL_GPIO_Init     stm32f1xx_hal_gpio.o
    0x0800143c   0x0000000c   Code   RO         1237    i.HAL_GetTick       stm32f1xx_hal.o
    0x08001448   0x00000010   Code   RO         1243    i.HAL_IncTick       stm32f1xx_hal.o
    0x08001458   0x00000024   Code   RO         1244    i.HAL_Init          stm32f1xx_hal.o
    0x0800147c   0x00000040   Code   RO         1245    i.HAL_InitTick      stm32f1xx_hal.o
    0x080014bc   0x0000003c   Code   RO          890    i.HAL_MspInit       stm32f1xx_hal_msp.o
    0x080014f8   0x0000001a   Code   RO         1701    i.HAL_NVIC_EnableIRQ  stm32f1xx_hal_cortex.o
    0x08001512   0x00000002   PAD
    0x08001514   0x00000040   Code   RO         1707    i.HAL_NVIC_SetPriority  stm32f1xx_hal_cortex.o
    0x08001554   0x00000024   Code   RO         1708    i.HAL_NVIC_SetPriorityGrouping  stm32f1xx_hal_cortex.o
    0x08001578   0x000000ec   Code   RO         1504    i.HAL_RCCEx_PeriphCLKConfig  stm32f1xx_hal_rcc_ex.o
    0x08001664   0x0000012c   Code   RO         1401    i.HAL_RCC_ClockConfig  stm32f1xx_hal_rcc.o
    0x08001790   0x00000020   Code   RO         1408    i.HAL_RCC_GetPCLK1Freq  stm32f1xx_hal_rcc.o
    0x080017b0   0x00000020   Code   RO         1409    i.HAL_RCC_GetPCLK2Freq  stm32f1xx_hal_rcc.o
    0x080017d0   0x0000006c   Code   RO         1410    i.HAL_RCC_GetSysClockFreq  stm32f1xx_hal_rcc.o
    0x0800183c   0x00000320   Code   RO         1413    i.HAL_RCC_OscConfig  stm32f1xx_hal_rcc.o
    0x08001b5c   0x00000028   Code   RO         1712    i.HAL_SYSTICK_Config  stm32f1xx_hal_cortex.o
    0x08001b84   0x00000042   Code   RO         2896    i.HAL_TIMEx_MasterConfigSynchronization  stm32f1xx_hal_tim_ex.o
    0x08001bc6   0x00000036   Code   RO         2203    i.HAL_TIM_Base_Init  stm32f1xx_hal_tim.o
    0x08001bfc   0x00000028   Code   RO          720    i.HAL_TIM_Base_MspInit  tim.o
    0x08001c24   0x00000024   Code   RO         2206    i.HAL_TIM_Base_Start  stm32f1xx_hal_tim.o
    0x08001c48   0x000000d6   Code   RO         2212    i.HAL_TIM_ConfigClockSource  stm32f1xx_hal_tim.o
    0x08001d1e   0x00000062   Code   RO         3154    i.HAL_UART_Init     stm32f1xx_hal_uart.o
    0x08001d80   0x00000070   Code   RO          762    i.HAL_UART_MspInit  usart.o
    0x08001df0   0x00000002   Code   RO          807    i.HardFault_Handler  stm32f1xx_it.o
    0x08001df2   0x00000002   PAD
    0x08001df4   0x00000044   Code   RO          182    i.LCD_Clear         lcd.o
    0x08001e38   0x00000018   Code   RO          183    i.LCD_DrawPoint     lcd.o
    0x08001e50   0x0000005c   Code   RO          316    i.LCD_Fill          gui.o
    0x08001eac   0x00000058   Code   RO          184    i.LCD_GPIOInit      lcd.o
    0x08001f04   0x00000230   Code   RO          185    i.LCD_Init          lcd.o
    0x08002134   0x00000024   Code   RO          186    i.LCD_RESET         lcd.o
    0x08002158   0x00000008   Code   RO          187    i.LCD_SetCursor     lcd.o
    0x08002160   0x00000024   Code   RO          188    i.LCD_SetParam      lcd.o
    0x08002184   0x00000064   Code   RO          189    i.LCD_SetWindows    lcd.o
    0x080021e8   0x00000104   Code   RO          317    i.LCD_ShowChar      gui.o
    0x080022ec   0x00000070   Code   RO          318    i.LCD_ShowFloatNum  gui.o
    0x0800235c   0x00000088   Code   RO          319    i.LCD_ShowNum       gui.o
    0x080023e4   0x00000088   Code   RO          320    i.LCD_ShowNum0      gui.o
    0x0800246c   0x0000001c   Code   RO          190    i.LCD_WR_DATA       lcd.o
    0x08002488   0x00000028   Code   RO          191    i.LCD_WR_DATA_16Bit  lcd.o
    0x080024b0   0x00000020   Code   RO          192    i.LCD_WR_REG        lcd.o
    0x080024d0   0x0000000c   Code   RO          193    i.LCD_WriteRAM_Prepare  lcd.o
    0x080024dc   0x00000012   Code   RO          194    i.LCD_WriteReg      lcd.o
    0x080024ee   0x00000002   PAD
    0x080024f0   0x0000004c   Code   RO          655    i.MX_ADC1_Init      adc.o
    0x0800253c   0x0000001c   Code   RO          695    i.MX_DMA_Init       dma.o
    0x08002558   0x00000098   Code   RO          629    i.MX_GPIO_Init      gpio.o
    0x080025f0   0x00000068   Code   RO          721    i.MX_TIM3_Init      tim.o
    0x08002658   0x00000038   Code   RO          763    i.MX_USART1_UART_Init  usart.o
    0x08002690   0x00000002   Code   RO          808    i.MemManage_Handler  stm32f1xx_it.o
    0x08002692   0x00000002   Code   RO          809    i.NMI_Handler       stm32f1xx_it.o
    0x08002694   0x00000002   Code   RO          810    i.PendSV_Handler    stm32f1xx_it.o
    0x08002696   0x0000003c   Code   RO          469    i.PlotInterface     menu_gui.o
    0x080026d2   0x00000002   PAD
    0x080026d4   0x0000002c   Code   RO          197    i.SPIv_WriteData    lcd.o
    0x08002700   0x00000002   Code   RO          811    i.SVC_Handler       stm32f1xx_it.o
    0x08002702   0x00000002   PAD
    0x08002704   0x000001d8   Code   RO          470    i.SetCollectRate    menu_gui.o
    0x080028dc   0x000000a4   Code   RO          471    i.ShowOnScreen      menu_gui.o
    0x08002980   0x000000d4   Code   RO          323    i.Show_Str          gui.o
    0x08002a54   0x00000004   Code   RO          812    i.SysTick_Handler   stm32f1xx_it.o
    0x08002a58   0x00000060   Code   RO          557    i.SystemClock_Config  main.o
    0x08002ab8   0x00000048   Code   RO         3456    i.SystemInit        system_stm32f1xx.o
    0x08002b00   0x0000006c   Code   RO         2291    i.TIM_Base_SetConfig  stm32f1xx_hal_tim.o
    0x08002b6c   0x00000014   Code   RO         2302    i.TIM_ETR_SetConfig  stm32f1xx_hal_tim.o
    0x08002b80   0x00000010   Code   RO         2303    i.TIM_ITRx_SetConfig  stm32f1xx_hal_tim.o
    0x08002b90   0x00000022   Code   RO         2309    i.TIM_TI1_ConfigInputStage  stm32f1xx_hal_tim.o
    0x08002bb2   0x00000024   Code   RO         2311    i.TIM_TI2_ConfigInputStage  stm32f1xx_hal_tim.o
    0x08002bd6   0x00000002   PAD
    0x08002bd8   0x000000b8   Code   RO         3180    i.UART_SetConfig    stm32f1xx_hal_uart.o
    0x08002c90   0x00000002   Code   RO          813    i.UsageFault_Handler  stm32f1xx_it.o
    0x08002c92   0x00000002   PAD
    0x08002c94   0x0000004c   Code   RO          472    i.VoltageToPoint    menu_gui.o
    0x08002ce0   0x00000020   Code   RO         1714    i.__NVIC_SetPriority  stm32f1xx_hal_cortex.o
    0x08002d00   0x0000000e   Code   RO         3569    i.__scatterload_copy  mc_w.l(handlers.o)
    0x08002d0e   0x00000002   Code   RO         3570    i.__scatterload_null  mc_w.l(handlers.o)
    0x08002d10   0x0000000e   Code   RO         3571    i.__scatterload_zeroinit  mc_w.l(handlers.o)
    0x08002d1e   0x00000098   Code   RO          324    i._draw_circle_8    gui.o
    0x08002db6   0x00000084   Code   RO          325    i.gui_circle        gui.o
    0x08002e3a   0x00000002   PAD
    0x08002e3c   0x00000168   Code   RO          560    i.main              main.o
    0x08002fa4   0x00000010   Code   RO          326    i.mypow             gui.o
    0x08002fb4   0x000010fe   Data   RO          327    .constdata          gui.o
    0x080040b2   0x00000010   Data   RO         3457    .constdata          system_stm32f1xx.o
    0x080040c2   0x00000008   Data   RO         3458    .constdata          system_stm32f1xx.o
    0x080040ca   0x00000002   PAD
    0x080040cc   0x00000020   Data   RO         3567    Region$$Table       anon$$obj.o


    Execution Region RW_IRAM1 (Base: 0x20000000, Size: 0x00000dc0, Max: 0x00005000, ABSOLUTE)

    Base Addr    Size         Type   Attr      Idx    E Section Name        Object

    0x20000000   0x00000002   Data   RW          199    .data               lcd.o
    0x20000002   0x00000002   Data   RW          200    .data               lcd.o
    0x20000004   0x0000001c   Data   RW          476    .data               menu_gui.o
    0x20000020   0x0000000c   Data   RW          563    .data               main.o
    0x2000002c   0x0000000c   Data   RW         1251    .data               stm32f1xx_hal.o
    0x20000038   0x00000004   Data   RW         3459    .data               system_stm32f1xx.o
    0x2000003c   0x0000000e   Zero   RW          198    .bss                lcd.o
    0x2000004a   0x00000002   PAD
    0x2000004c   0x00000680   Zero   RW          474    .bss                menu_gui.o
    0x200006cc   0x00000200   Zero   RW          562    .bss                main.o
    0x200008cc   0x00000074   Zero   RW          656    .bss                adc.o
    0x20000940   0x00000040   Zero   RW          722    .bss                tim.o
    0x20000980   0x00000040   Zero   RW          764    .bss                usart.o
    0x200009c0   0x00000400   Zero   RW            1    STACK               startup_stm32f103xb.o


==============================================================================

Image component sizes


      Code (inc. data)   RO Data    RW Data    ZI Data      Debug   Object Name

       220         30          0          0        116       1563   adc.o
        28          6          0          0          0        670   dma.o
       152         16          0          0          0        867   gpio.o
      2134         96       4350          0          0      10347   gui.o
      1094         66          0          4         14       9359   lcd.o
       526         48          0         12        512       3034   main.o
       988         68          0         28       1664       4416   menu_gui.o
         0          0          0          0          0     435328   myiic.o
        36          8        236          0       1024        780   startup_stm32f103xb.o
       164         28          0         12          0       5649   stm32f1xx_hal.o
      1380         62          0          0          0       8885   stm32f1xx_hal_adc.o
       198         14          0          0          0      28447   stm32f1xx_hal_cortex.o
       396          8          0          0          0       3618   stm32f1xx_hal_dma.o
       500         38          0          0          0       2495   stm32f1xx_hal_gpio.o
        60          8          0          0          0        802   stm32f1xx_hal_msp.o
      1272        100          0          0          0       4804   stm32f1xx_hal_rcc.o
       236         12          0          0          0       1284   stm32f1xx_hal_rcc_ex.o
       518         14          0          0          0       5860   stm32f1xx_hal_tim.o
        66          0          0          0          0       1204   stm32f1xx_hal_tim_ex.o
       282          6          0          0          0       1796   stm32f1xx_hal_uart.o
        32          0          0          0          0       4398   stm32f1xx_it.o
        72         16         24          4          0       1091   system_stm32f1xx.o
       144         18          0          0         64       1478   tim.o
       168         20          0          0         64       1518   usart.o

    ----------------------------------------------------------------------
     10690        682       4644         60       3460     539693   Object Totals
         0          0         32          0          0          0   (incl. Generated)
        24          0          2          0          2          0   (incl. Padding)

    ----------------------------------------------------------------------

      Code (inc. data)   RO Data    RW Data    ZI Data      Debug   Library Member Name

         0          0          0          0          0          0   entry.o
         0          0          0          0          0          0   entry10a.o
         0          0          0          0          0          0   entry11a.o
         8          4          0          0          0          0   entry2.o
         4          0          0          0          0          0   entry5.o
         0          0          0          0          0          0   entry7b.o
         0          0          0          0          0          0   entry8b.o
         8          4          0          0          0          0   entry9a.o
        30          0          0          0          0          0   handlers.o
        36          8          0          0          0         68   init.o
         0          0          0          0          0          0   iusefp.o
        30          0          0          0          0         68   llshl.o
        32          0          0          0          0         68   llushr.o
        36          0          0          0          0        108   memseta.o
        20          0          0          0          0         68   cfcmple.o
        20          0          0          0          0         68   cfrcmple.o
        56          0          0          0          0         88   d2f.o
       186          0          0          0          0        176   depilogue.o
       228          0          0          0          0         96   dmul.o
        46          0          0          0          0         80   dscalb.o
        38          0          0          0          0         68   f2d.o
       176          0          0          0          0        140   fadd.o
       110          0          0          0          0        168   fepilogue.o
        50          0          0          0          0         68   ffixi.o
        40          0          0          0          0         68   ffixui.o
        18          0          0          0          0         68   fflti.o
        10          0          0          0          0         68   ffltui.o
       100          0          0          0          0         76   fmul.o

    ----------------------------------------------------------------------
      1286         16          0          0          0       1612   Library Totals
         4          0          0          0          0          0   (incl. Padding)

    ----------------------------------------------------------------------

      Code (inc. data)   RO Data    RW Data    ZI Data      Debug   Library Name

       184         16          0          0          0        312   mc_w.l
      1098          0          0          0          0       1300   mf_w.l

    ----------------------------------------------------------------------
      1286         16          0          0          0       1612   Library Totals

    ----------------------------------------------------------------------

==============================================================================


      Code (inc. data)   RO Data    RW Data    ZI Data      Debug   

     11976        698       4644         60       3460     535269   Grand Totals
     11976        698       4644         60       3460     535269   ELF Image Totals
     11976        698       4644         60          0          0   ROM Totals

==============================================================================

    Total RO  Size (Code + RO Data)                16620 (  16.23kB)
    Total RW  Size (RW Data + ZI Data)              3520 (   3.44kB)
    Total ROM Size (Code + RO Data + RW Data)      16680 (  16.29kB)

==============================================================================

